#
# There is insufficient memory for the Java Runtime Environment to continue.
# Native memory allocation (malloc) failed to allocate 724176 bytes for Chunk::new
# Possible reasons:
#   The system is out of physical RAM or swap space
#   The process is running with CompressedOops enabled, and the Java Heap may be blocking the growth of the native heap
# Possible solutions:
#   Reduce memory load on the system
#   Increase physical memory or swap space
#   Check if swap backing store is full
#   Decrease Java heap size (-Xmx/-Xms)
#   Decrease number of Java threads
#   Decrease Java thread stack sizes (-Xss)
#   Set larger code cache with -XX:ReservedCodeCacheSize=
#   JVM is running with Unscaled Compressed Oops mode in which the Java heap is
#     placed in the first 4GB address space. The Java Heap base address is the
#     maximum limit for the native heap growth. Please use -XX:HeapBaseMinAddress
#     to set the Java Heap base and to place the Java Heap above 4GB virtual address.
# This output file may be truncated or incomplete.
#
#  Out of Memory Error (allocation.cpp:389), pid=42052, tid=0x00000000000083f0
#
# JRE version: Java(TM) SE Runtime Environment (8.0_202-b08) (build 1.8.0_202-b08)
# Java VM: Java HotSpot(TM) 64-Bit Server VM (25.202-b08 mixed mode windows-amd64 compressed oops)
# Failed to write core dump. Minidumps are not enabled by default on client versions of Windows
#

---------------  T H R E A D  ---------------

Current thread (0x00000000154d7800):  JavaThread "C2 CompilerThread1" daemon [_thread_in_native, id=33776, stack(0x0000000016c60000,0x0000000016d60000)]

Stack: [0x0000000016c60000,0x0000000016d60000]
[error occurred during error reporting (printing stack bounds), id 0xc0000005]

Native frames: (J=compiled Java code, j=interpreted, Vv=VM code, C=native code)


Current CompileTask:
C2:  10937 2674       4       java.net.URLStreamHandler::parseURL (1193 bytes)


---------------  P R O C E S S  ---------------

Java Threads: ( => current thread )
  0x0000000019a55800 JavaThread "AsyncHttpClient-1-4" daemon [_thread_in_native, id=26884, stack(0x000000001f610000,0x000000001f710000)]
  0x0000000019a58800 JavaThread "AsyncHttpClient-1-3" daemon [_thread_in_native, id=49576, stack(0x000000001f510000,0x000000001f610000)]
  0x0000000019a57000 JavaThread "AsyncHttpClient-1-2" daemon [_thread_in_native, id=42132, stack(0x000000001df20000,0x000000001e020000)]
  0x0000000016fb5800 JavaThread "Keep-Alive-Timer" daemon [_thread_blocked, id=37076, stack(0x000000001bc80000,0x000000001bd80000)]
  0x0000000019a82000 JavaThread "UrlChecker-2" daemon [_thread_blocked, id=46808, stack(0x000000001b980000,0x000000001ba80000)]
  0x0000000019a81800 JavaThread "Driver Service Executor" daemon [_thread_blocked, id=50256, stack(0x000000001b880000,0x000000001b980000)]
  0x0000000018053000 JavaThread "Driver Service Executor" daemon [_thread_blocked, id=42236, stack(0x000000001b780000,0x000000001b880000)]
  0x0000000018052800 JavaThread "Exec Stream Pumper" daemon [_thread_in_native, id=52900, stack(0x000000001b680000,0x000000001b780000)]
  0x0000000017a34000 JavaThread "Exec Stream Pumper" daemon [_thread_in_native, id=38952, stack(0x000000001b580000,0x000000001b680000)]
  0x0000000018622800 JavaThread "Exec Default Executor" daemon [_thread_in_native, id=47380, stack(0x000000001b480000,0x000000001b580000)]
  0x0000000018d00800 JavaThread "AsyncHttpClient-1-1" daemon [_thread_blocked, id=53012, stack(0x000000001aa90000,0x000000001ab90000)]
  0x0000000018b68800 JavaThread "ForkJoinPool.commonPool-worker-1" daemon [_thread_blocked, id=44980, stack(0x0000000019790000,0x0000000019890000)]
  0x0000000017728000 JavaThread "ReaderThread" [_thread_in_native, id=38460, stack(0x0000000017c60000,0x0000000017d60000)]
  0x0000000016e89000 JavaThread "Service Thread" daemon [_thread_blocked, id=50976, stack(0x0000000017260000,0x0000000017360000)]
  0x0000000015527800 JavaThread "C1 CompilerThread2" daemon [_thread_blocked, id=47164, stack(0x0000000016d60000,0x0000000016e60000)]
=>0x00000000154d7800 JavaThread "C2 CompilerThread1" daemon [_thread_in_native, id=33776, stack(0x0000000016c60000,0x0000000016d60000)]
  0x00000000154d5800 JavaThread "C2 CompilerThread0" daemon [_thread_blocked, id=51840, stack(0x0000000016b60000,0x0000000016c60000)]
  0x00000000154d4000 JavaThread "Attach Listener" daemon [_thread_blocked, id=49864, stack(0x0000000016a60000,0x0000000016b60000)]
  0x00000000154d3000 JavaThread "Signal Dispatcher" daemon [_thread_blocked, id=50520, stack(0x0000000016960000,0x0000000016a60000)]
  0x00000000154bc000 JavaThread "Finalizer" daemon [_thread_blocked, id=49996, stack(0x0000000016730000,0x0000000016830000)]
  0x0000000003126000 JavaThread "Reference Handler" daemon [_thread_blocked, id=51660, stack(0x0000000016630000,0x0000000016730000)]
  0x0000000003037000 JavaThread "main" [_thread_in_Java, id=45216, stack(0x0000000002f30000,0x0000000003030000)]

Other Threads:
  0x0000000015497800 VMThread [stack: 0x0000000016530000,0x0000000016630000] [id=18328]
  0x0000000016ecc000 WatcherThread [stack: 0x0000000017360000,0x0000000017460000] [id=11740]

VM state:not at safepoint (normal execution)

VM Mutex/Monitor currently owned by a thread: None

heap address: 0x00000000c5800000, size: 936 MB, Compressed Oops mode: 32-bit
Narrow klass base: 0x0000000000000000, Narrow klass shift: 3
Compressed class space size: 1073741824 Address: 0x0000000100000000

Heap:
 PSYoungGen      total 105472K, used 68257K [0x00000000ec800000, 0x00000000f3800000, 0x0000000100000000)
  eden space 100352K, 63% used [0x00000000ec800000,0x00000000f0682668,0x00000000f2a00000)
  from space 5120K, 82% used [0x00000000f3300000,0x00000000f3725da8,0x00000000f3800000)
  to   space 7168K, 0% used [0x00000000f2a00000,0x00000000f2a00000,0x00000000f3100000)
 ParOldGen       total 32256K, used 16217K [0x00000000c5800000, 0x00000000c7780000, 0x00000000ec800000)
  object space 32256K, 50% used [0x00000000c5800000,0x00000000c67d6460,0x00000000c7780000)
 Metaspace       used 31709K, capacity 33398K, committed 33792K, reserved 1079296K
  class space    used 4135K, capacity 4495K, committed 4608K, reserved 1048576K

Card table byte_map: [0x00000000124f0000,0x00000000126d0000] byte_map_base: 0x0000000011ec4000

Marking Bits: (ParMarkBitMap*) 0x000000006c4c5ce0
 Begin Bits: [0x0000000012c10000, 0x0000000013ab0000)
 End Bits:   [0x0000000013ab0000, 0x0000000014950000)

Polling page: 0x0000000001720000

CodeCache: size=245760Kb used=8770Kb max_used=9175Kb free=236989Kb
 bounds [0x0000000003130000, 0x0000000003a40000, 0x0000000012130000]
 total_blobs=3007 nmethods=2491 adapters=427
 compilation: enabled

Compilation events (10 events):
Event: 10.904 Thread 0x0000000015527800 2680       3       java.util.TreeMap::getEntry (84 bytes)
Event: 10.904 Thread 0x0000000015527800 nmethod 2680 0x00000000032c7b90 code [0x00000000032c7d40, 0x00000000032c83c8]
Event: 10.904 Thread 0x0000000015527800 2681       3       java.util.TreeMap::get (19 bytes)
Event: 10.904 Thread 0x0000000015527800 nmethod 2681 0x000000000326ced0 code [0x000000000326d040, 0x000000000326d2a8]
Event: 10.905 Thread 0x0000000015527800 2682       3       org.openqa.selenium.ImmutableCapabilities::getCapability (18 bytes)
Event: 10.905 Thread 0x0000000015527800 nmethod 2682 0x00000000032b4e10 code [0x00000000032b5060, 0x00000000032b5ea8]
Event: 10.932 Thread 0x00000000154d5800 2683       4       java.util.concurrent.ConcurrentHashMap::put (8 bytes)
Event: 10.933 Thread 0x00000000154d5800 nmethod 2683 0x000000000324dad0 code [0x000000000324dc20, 0x000000000324dca8]
Event: 10.933 Thread 0x00000000154d5800 2684       4       java.util.Objects::requireNonNull (15 bytes)
Event: 10.933 Thread 0x00000000154d5800 nmethod 2684 0x000000000341af90 code [0x000000000341b0c0, 0x000000000341b118]

GC Heap History (10 events):
Event: 3.770 GC heap before
{Heap before GC invocations=5 (full 0):
 PSYoungGen      total 33280K, used 33253K [0x00000000ec800000, 0x00000000eeb00000, 0x0000000100000000)
  eden space 30720K, 100% used [0x00000000ec800000,0x00000000ee600000,0x00000000ee600000)
  from space 2560K, 98% used [0x00000000ee880000,0x00000000eeaf97e0,0x00000000eeb00000)
  to   space 2560K, 0% used [0x00000000ee600000,0x00000000ee600000,0x00000000ee880000)
 ParOldGen       total 40960K, used 8330K [0x00000000c5800000, 0x00000000c8000000, 0x00000000ec800000)
  object space 40960K, 20% used [0x00000000c5800000,0x00000000c60229b8,0x00000000c8000000)
 Metaspace       used 19445K, capacity 20570K, committed 20992K, reserved 1067008K
  class space    used 2417K, capacity 2689K, committed 2816K, reserved 1048576K
Event: 3.776 GC heap after
Heap after GC invocations=5 (full 0):
 PSYoungGen      total 33280K, used 2528K [0x00000000ec800000, 0x00000000f1200000, 0x0000000100000000)
  eden space 30720K, 0% used [0x00000000ec800000,0x00000000ec800000,0x00000000ee600000)
  from space 2560K, 98% used [0x00000000ee600000,0x00000000ee878030,0x00000000ee880000)
  to   space 7168K, 0% used [0x00000000f0b00000,0x00000000f0b00000,0x00000000f1200000)
 ParOldGen       total 40960K, used 12093K [0x00000000c5800000, 0x00000000c8000000, 0x00000000ec800000)
  object space 40960K, 29% used [0x00000000c5800000,0x00000000c63cf580,0x00000000c8000000)
 Metaspace       used 19445K, capacity 20570K, committed 20992K, reserved 1067008K
  class space    used 2417K, capacity 2689K, committed 2816K, reserved 1048576K
}
Event: 3.862 GC heap before
{Heap before GC invocations=6 (full 0):
 PSYoungGen      total 33280K, used 8635K [0x00000000ec800000, 0x00000000f1200000, 0x0000000100000000)
  eden space 30720K, 19% used [0x00000000ec800000,0x00000000ecdf6c20,0x00000000ee600000)
  from space 2560K, 98% used [0x00000000ee600000,0x00000000ee878030,0x00000000ee880000)
  to   space 7168K, 0% used [0x00000000f0b00000,0x00000000f0b00000,0x00000000f1200000)
 ParOldGen       total 40960K, used 12093K [0x00000000c5800000, 0x00000000c8000000, 0x00000000ec800000)
  object space 40960K, 29% used [0x00000000c5800000,0x00000000c63cf580,0x00000000c8000000)
 Metaspace       used 20029K, capacity 21100K, committed 21248K, reserved 1067008K
  class space    used 2494K, capacity 2756K, committed 2816K, reserved 1048576K
Event: 3.866 GC heap after
Heap after GC invocations=6 (full 0):
 PSYoungGen      total 68608K, used 3426K [0x00000000ec800000, 0x00000000f1200000, 0x0000000100000000)
  eden space 61440K, 0% used [0x00000000ec800000,0x00000000ec800000,0x00000000f0400000)
  from space 7168K, 47% used [0x00000000f0b00000,0x00000000f0e589d0,0x00000000f1200000)
  to   space 7168K, 0% used [0x00000000f0400000,0x00000000f0400000,0x00000000f0b00000)
 ParOldGen       total 40960K, used 12093K [0x00000000c5800000, 0x00000000c8000000, 0x00000000ec800000)
  object space 40960K, 29% used [0x00000000c5800000,0x00000000c63cf580,0x00000000c8000000)
 Metaspace       used 20029K, capacity 21100K, committed 21248K, reserved 1067008K
  class space    used 2494K, capacity 2756K, committed 2816K, reserved 1048576K
}
Event: 3.866 GC heap before
{Heap before GC invocations=7 (full 1):
 PSYoungGen      total 68608K, used 3426K [0x00000000ec800000, 0x00000000f1200000, 0x0000000100000000)
  eden space 61440K, 0% used [0x00000000ec800000,0x00000000ec800000,0x00000000f0400000)
  from space 7168K, 47% used [0x00000000f0b00000,0x00000000f0e589d0,0x00000000f1200000)
  to   space 7168K, 0% used [0x00000000f0400000,0x00000000f0400000,0x00000000f0b00000)
 ParOldGen       total 40960K, used 12093K [0x00000000c5800000, 0x00000000c8000000, 0x00000000ec800000)
  object space 40960K, 29% used [0x00000000c5800000,0x00000000c63cf580,0x00000000c8000000)
 Metaspace       used 20029K, capacity 21100K, committed 21248K, reserved 1067008K
  class space    used 2494K, capacity 2756K, committed 2816K, reserved 1048576K
Event: 3.896 GC heap after
Heap after GC invocations=7 (full 1):
 PSYoungGen      total 68608K, used 0K [0x00000000ec800000, 0x00000000f1200000, 0x0000000100000000)
  eden space 61440K, 0% used [0x00000000ec800000,0x00000000ec800000,0x00000000f0400000)
  from space 7168K, 0% used [0x00000000f0b00000,0x00000000f0b00000,0x00000000f1200000)
  to   space 7168K, 0% used [0x00000000f0400000,0x00000000f0400000,0x00000000f0b00000)
 ParOldGen       total 32256K, used 7371K [0x00000000c5800000, 0x00000000c7780000, 0x00000000ec800000)
  object space 32256K, 22% used [0x00000000c5800000,0x00000000c5f32f18,0x00000000c7780000)
 Metaspace       used 20029K, capacity 21100K, committed 21248K, reserved 1067008K
  class space    used 2494K, capacity 2756K, committed 2816K, reserved 1048576K
}
Event: 4.991 GC heap before
{Heap before GC invocations=8 (full 1):
 PSYoungGen      total 68608K, used 53399K [0x00000000ec800000, 0x00000000f1200000, 0x0000000100000000)
  eden space 61440K, 86% used [0x00000000ec800000,0x00000000efc25c30,0x00000000f0400000)
  from space 7168K, 0% used [0x00000000f0b00000,0x00000000f0b00000,0x00000000f1200000)
  to   space 7168K, 0% used [0x00000000f0400000,0x00000000f0400000,0x00000000f0b00000)
 ParOldGen       total 32256K, used 7371K [0x00000000c5800000, 0x00000000c7780000, 0x00000000ec800000)
  object space 32256K, 22% used [0x00000000c5800000,0x00000000c5f32f18,0x00000000c7780000)
 Metaspace       used 21021K, capacity 22104K, committed 22400K, reserved 1069056K
  class space    used 2604K, capacity 2832K, committed 2944K, reserved 1048576K
Event: 4.996 GC heap after
Heap after GC invocations=8 (full 1):
 PSYoungGen      total 68608K, used 1809K [0x00000000ec800000, 0x00000000f3a80000, 0x0000000100000000)
  eden space 61440K, 0% used [0x00000000ec800000,0x00000000ec800000,0x00000000f0400000)
  from space 7168K, 25% used [0x00000000f0400000,0x00000000f05c45b8,0x00000000f0b00000)
  to   space 7680K, 0% used [0x00000000f3300000,0x00000000f3300000,0x00000000f3a80000)
 ParOldGen       total 32256K, used 16209K [0x00000000c5800000, 0x00000000c7780000, 0x00000000ec800000)
  object space 32256K, 50% used [0x00000000c5800000,0x00000000c67d4460,0x00000000c7780000)
 Metaspace       used 21021K, capacity 22104K, committed 22400K, reserved 1069056K
  class space    used 2604K, capacity 2832K, committed 2944K, reserved 1048576K
}
Event: 5.403 GC heap before
{Heap before GC invocations=9 (full 1):
 PSYoungGen      total 68608K, used 63249K [0x00000000ec800000, 0x00000000f3a80000, 0x0000000100000000)
  eden space 61440K, 100% used [0x00000000ec800000,0x00000000f0400000,0x00000000f0400000)
  from space 7168K, 25% used [0x00000000f0400000,0x00000000f05c45b8,0x00000000f0b00000)
  to   space 7680K, 0% used [0x00000000f3300000,0x00000000f3300000,0x00000000f3a80000)
 ParOldGen       total 32256K, used 16209K [0x00000000c5800000, 0x00000000c7780000, 0x00000000ec800000)
  object space 32256K, 50% used [0x00000000c5800000,0x00000000c67d4460,0x00000000c7780000)
 Metaspace       used 24422K, capacity 25612K, committed 25984K, reserved 1071104K
  class space    used 3072K, capacity 3354K, committed 3456K, reserved 1048576K
Event: 5.407 GC heap after
Heap after GC invocations=9 (full 1):
 PSYoungGen      total 105472K, used 4247K [0x00000000ec800000, 0x00000000f3800000, 0x0000000100000000)
  eden space 100352K, 0% used [0x00000000ec800000,0x00000000ec800000,0x00000000f2a00000)
  from space 5120K, 82% used [0x00000000f3300000,0x00000000f3725da8,0x00000000f3800000)
  to   space 7168K, 0% used [0x00000000f2a00000,0x00000000f2a00000,0x00000000f3100000)
 ParOldGen       total 32256K, used 16217K [0x00000000c5800000, 0x00000000c7780000, 0x00000000ec800000)
  object space 32256K, 50% used [0x00000000c5800000,0x00000000c67d6460,0x00000000c7780000)
 Metaspace       used 24422K, capacity 25612K, committed 25984K, reserved 1071104K
  class space    used 3072K, capacity 3354K, committed 3456K, reserved 1048576K
}

Deoptimization events (10 events):
Event: 5.309 Thread 0x0000000003037000 Uncommon trap: reason=unstable_if action=reinterpret pc=0x0000000003689df8 method=java.lang.Integer.parseInt(Ljava/lang/String;I)I @ 122
Event: 5.310 Thread 0x0000000003037000 Uncommon trap: reason=unstable_if action=reinterpret pc=0x000000000379f18c method=sun.misc.URLClassPath$JarLoader.getResource(Ljava/lang/String;ZLjava/util/Set;)Lsun/misc/Resource; @ 17
Event: 5.355 Thread 0x0000000003037000 Uncommon trap: reason=bimorphic action=maybe_recompile pc=0x000000000370291c method=java.util.regex.Pattern$Curly.match(Ljava/util/regex/Matcher;ILjava/lang/CharSequence;)Z @ 19
Event: 5.355 Thread 0x0000000003037000 Uncommon trap: reason=bimorphic action=maybe_recompile pc=0x000000000370291c method=java.util.regex.Pattern$Curly.match(Ljava/util/regex/Matcher;ILjava/lang/CharSequence;)Z @ 19
Event: 5.355 Thread 0x0000000003037000 Uncommon trap: reason=bimorphic action=maybe_recompile pc=0x000000000370291c method=java.util.regex.Pattern$Curly.match(Ljava/util/regex/Matcher;ILjava/lang/CharSequence;)Z @ 19
Event: 5.355 Thread 0x0000000003037000 Uncommon trap: reason=bimorphic action=maybe_recompile pc=0x000000000370291c method=java.util.regex.Pattern$Curly.match(Ljava/util/regex/Matcher;ILjava/lang/CharSequence;)Z @ 19
Event: 5.582 Thread 0x0000000003037000 Uncommon trap: reason=unstable_if action=reinterpret pc=0x00000000032d13f0 method=java.lang.String.replace(CC)Ljava/lang/String; @ 2
Event: 6.223 Thread 0x0000000003037000 Uncommon trap: reason=unstable_if action=reinterpret pc=0x00000000038a8c40 method=jdk.internal.org.objectweb.asm.Type.getArgumentsAndReturnSizes(Ljava/lang/String;)I @ 47
Event: 7.579 Thread 0x0000000019a57000 Uncommon trap: reason=unstable_if action=reinterpret pc=0x00000000035ebbb8 method=java.lang.CharacterData.of(I)Ljava/lang/CharacterData; @ 4
Event: 10.424 Thread 0x0000000019a57000 Uncommon trap: reason=null_check action=make_not_entrant pc=0x0000000003920770 method=java.lang.StringCoding.deref(Ljava/lang/ThreadLocal;)Ljava/lang/Object; @ 4

Classes redefined (0 events):
No events

Internal exceptions (10 events):
Event: 5.327 Thread 0x0000000003037000 Exception <a 'java/lang/NoClassDefFoundError'> (0x00000000efa89648) thrown at [C:\re\workspace\8-2-build-windows-amd64-cygwin\jdk8u202\12323\hotspot\src\share\vm\prims\jvm.cpp, line 1506]
Event: 5.328 Thread 0x0000000003037000 Exception <a 'java/lang/NoClassDefFoundError': org/apache/log4j/Priority> (0x00000000efaa9270) thrown at [C:\re\workspace\8-2-build-windows-amd64-cygwin\jdk8u202\12323\hotspot\src\share\vm\classfile\systemDictionary.cpp, line 199]
Event: 5.515 Thread 0x0000000003037000 Exception <a 'java/lang/NoSuchMethodError': java.lang.Object.lambda$andFinally$1(Lorg/openqa/selenium/remote/http/HttpHandler;Lorg/openqa/selenium/remote/http/HttpRequest;)Lorg/openqa/selenium/remote/http/HttpResponse;> (0x00000000ed2d2520) thrown at [C:\
Event: 5.559 Thread 0x0000000003037000 Exception <a 'java/lang/IncompatibleClassChangeError': Found class java.lang.Object, but interface was expected> (0x00000000ed4ca8f0) thrown at [C:\re\workspace\8-2-build-windows-amd64-cygwin\jdk8u202\12323\hotspot\src\share\vm\interpreter\linkResolver.cp
Event: 5.560 Thread 0x0000000003037000 Exception <a 'java/lang/NoSuchMethodError': java.lang.Object.lambda$or$2(Ljava/util/function/Predicate;Ljava/lang/Object;)Z> (0x00000000ed4d2230) thrown at [C:\re\workspace\8-2-build-windows-amd64-cygwin\jdk8u202\12323\hotspot\src\share\vm\interpreter\lin
Event: 6.177 Thread 0x0000000019a82000 Exception <a 'java/net/SocketTimeoutException': connect timed out> (0x00000000edb95c08) thrown at [C:\re\workspace\8-2-build-windows-amd64-cygwin\jdk8u202\12323\hotspot\src\share\vm\prims\jni.cpp, line 736]
Event: 6.272 Thread 0x0000000003037000 Exception <a 'java/lang/NoSuchMethodError': java.lang.Object.lambda$chars$0()Ljava/util/Spliterator$OfInt;> (0x00000000eddd1c40) thrown at [C:\re\workspace\8-2-build-windows-amd64-cygwin\jdk8u202\12323\hotspot\src\share\vm\interpreter\linkResolver.cpp, li
Event: 6.328 Thread 0x0000000003037000 Exception <a 'java/lang/NoSuchMethodError': java.lang.Object.lambda$negate$1(Ljava/lang/Object;)Z> (0x00000000ee13f710) thrown at [C:\re\workspace\8-2-build-windows-amd64-cygwin\jdk8u202\12323\hotspot\src\share\vm\interpreter\linkResolver.cpp, line 620]
Event: 10.424 Thread 0x0000000019a57000 Implicit null exception at 0x000000000391db3a to 0x0000000003920741
Event: 10.554 Thread 0x0000000003037000 Exception <a 'java/lang/NoSuchMethodError': java.lang.Object.lambda$getResponseFunction$0(Lorg/openqa/selenium/remote/InitialHandshakeResponse;)Lorg/openqa/selenium/remote/ProtocolHandshake$Result;> (0x00000000efd33a60) thrown at [C:\re\workspace\8-2-buil

Events (10 events):
Event: 10.923 loading class org/openqa/selenium/support/ui/FluentWait
Event: 10.923 loading class org/openqa/selenium/support/ui/FluentWait done
Event: 10.924 loading class org/openqa/selenium/support/ui/Wait
Event: 10.924 loading class org/openqa/selenium/support/ui/Wait done
Event: 10.928 loading class java/time/zone/ZoneRulesProvider
Event: 10.929 loading class java/time/zone/ZoneRulesProvider done
Event: 10.929 loading class java/time/zone/ZoneRulesProvider$1
Event: 10.929 loading class java/time/zone/ZoneRulesProvider$1 done
Event: 10.929 loading class java/time/zone/TzdbZoneRulesProvider
Event: 10.930 loading class java/time/zone/TzdbZoneRulesProvider done


Dynamic libraries:
0x00007ff6eeb60000 - 0x00007ff6eeb97000 	C:\Program Files\Java\jre1.8.0_202\bin\javaw.exe
0x00007fffde1e0000 - 0x00007fffde447000 	C:\WINDOWS\SYSTEM32\ntdll.dll
0x00007fffdd570000 - 0x00007fffdd639000 	C:\WINDOWS\System32\KERNEL32.DLL
0x00007fffdac10000 - 0x00007fffdb007000 	C:\WINDOWS\System32\KERNELBASE.dll
0x00007fffdd640000 - 0x00007fffdd6f6000 	C:\WINDOWS\System32\ADVAPI32.dll
0x00007fffdc350000 - 0x00007fffdc3f9000 	C:\WINDOWS\System32\msvcrt.dll
0x00007fffdc060000 - 0x00007fffdc107000 	C:\WINDOWS\System32\sechost.dll
0x00007fffdcd60000 - 0x00007fffdce78000 	C:\WINDOWS\System32\RPCRT4.dll
0x00007fffdd240000 - 0x00007fffdd406000 	C:\WINDOWS\System32\USER32.dll
0x00007fffdb140000 - 0x00007fffdb167000 	C:\WINDOWS\System32\win32u.dll
0x00007fffdde00000 - 0x00007fffdde2b000 	C:\WINDOWS\System32\GDI32.dll
0x00007fffdb010000 - 0x00007fffdb13c000 	C:\WINDOWS\System32\gdi32full.dll
0x00007fffdb220000 - 0x00007fffdb2c3000 	C:\WINDOWS\System32\msvcp_win.dll
0x00007fffdb510000 - 0x00007fffdb65b000 	C:\WINDOWS\System32\ucrtbase.dll
0x00007fffbd350000 - 0x00007fffbd5e2000 	C:\WINDOWS\WinSxS\amd64_microsoft.windows.common-controls_6595b64144ccf1df_6.0.26100.8457_none_3e0b2faee331e92d\COMCTL32.dll
0x00007fffdd700000 - 0x00007fffdd732000 	C:\WINDOWS\System32\IMM32.DLL
0x000000006c550000 - 0x000000006c622000 	C:\Program Files\Java\jre1.8.0_202\bin\msvcr100.dll
0x000000006bca0000 - 0x000000006c545000 	C:\Program Files\Java\jre1.8.0_202\bin\server\jvm.dll
0x00007fffdd230000 - 0x00007fffdd238000 	C:\WINDOWS\System32\PSAPI.DLL
0x00007fffcb1b0000 - 0x00007fffcb1bb000 	C:\WINDOWS\SYSTEM32\VERSION.dll
0x00007fffd3040000 - 0x00007fffd3076000 	C:\WINDOWS\SYSTEM32\WINMM.dll
0x00007fffcc9c0000 - 0x00007fffcc9ca000 	C:\WINDOWS\SYSTEM32\WSOCK32.dll
0x00007fffdc1f0000 - 0x00007fffdc270000 	C:\WINDOWS\System32\WS2_32.dll
0x00007fffc9b80000 - 0x00007fffc9b8f000 	C:\Program Files\Java\jre1.8.0_202\bin\verify.dll
0x00007fffc9aa0000 - 0x00007fffc9ac9000 	C:\Program Files\Java\jre1.8.0_202\bin\java.dll
0x00007fffc9a80000 - 0x00007fffc9a96000 	C:\Program Files\Java\jre1.8.0_202\bin\zip.dll
0x00007fffdc400000 - 0x00007fffdcb6e000 	C:\WINDOWS\System32\SHELL32.dll
0x00007fffdb6f0000 - 0x00007fffdbf5c000 	C:\WINDOWS\System32\windows.storage.dll
0x00007fffdce80000 - 0x00007fffdd203000 	C:\WINDOWS\System32\combase.dll
0x00007fffde020000 - 0x00007fffde116000 	C:\WINDOWS\System32\SHCORE.dll
0x00007fffddd10000 - 0x00007fffddd76000 	C:\WINDOWS\System32\shlwapi.dll
0x00007fffdab30000 - 0x00007fffdab59000 	C:\WINDOWS\SYSTEM32\profapi.dll
0x00007fffc9a60000 - 0x00007fffc9a7a000 	C:\Program Files\Java\jre1.8.0_202\bin\net.dll
0x00007fffbf300000 - 0x00007fffbf4dd000 	C:\WINDOWS\SYSTEM32\urlmon.dll
0x00007fffbf030000 - 0x00007fffbf2f4000 	C:\WINDOWS\SYSTEM32\iertutil.dll
0x00007fffbf000000 - 0x00007fffbf029000 	C:\WINDOWS\SYSTEM32\srvcli.dll
0x00007fffd9200000 - 0x00007fffd920d000 	C:\WINDOWS\SYSTEM32\netutils.dll
0x00007fffd9f10000 - 0x00007fffd9f7c000 	C:\WINDOWS\system32\mswsock.dll
0x00007fffc9340000 - 0x00007fffc9352000 	C:\Program Files\Java\jre1.8.0_202\bin\nio.dll
0x00007fffda1f0000 - 0x00007fffda20b000 	C:\WINDOWS\SYSTEM32\CRYPTSP.dll
0x00007fffd9900000 - 0x00007fffd9939000 	C:\WINDOWS\system32\rsaenh.dll
0x00007fffd9fc0000 - 0x00007fffd9ff3000 	C:\WINDOWS\SYSTEM32\USERENV.dll
0x00007fffdab00000 - 0x00007fffdab2a000 	C:\WINDOWS\SYSTEM32\bcrypt.dll
0x00007fffdb170000 - 0x00007fffdb218000 	C:\WINDOWS\System32\bcryptprimitives.dll
0x00007fffda210000 - 0x00007fffda21c000 	C:\WINDOWS\SYSTEM32\CRYPTBASE.dll
0x00007fffd9460000 - 0x00007fffd9492000 	C:\WINDOWS\SYSTEM32\IPHLPAPI.DLL
0x00007fffdd220000 - 0x00007fffdd22a000 	C:\WINDOWS\System32\NSI.dll
0x00007fffce880000 - 0x00007fffce89d000 	C:\WINDOWS\SYSTEM32\dhcpcsvc6.DLL
0x00007fffce850000 - 0x00007fffce875000 	C:\WINDOWS\SYSTEM32\dhcpcsvc.DLL
0x00007fffd9540000 - 0x00007fffd9672000 	C:\WINDOWS\SYSTEM32\DNSAPI.dll
0x00007fffc9310000 - 0x00007fffc9334000 	C:\Program Files\Java\jre1.8.0_202\bin\sunec.dll
0x00007fffcccd0000 - 0x00007fffcccdb000 	C:\Windows\System32\rasadhlp.dll
0x00007fffce9b0000 - 0x00007fffcea36000 	C:\WINDOWS\System32\fwpuclnt.dll
0x00007fffc9a30000 - 0x00007fffc9a3b000 	C:\Program Files\Java\jre1.8.0_202\bin\sunmscapi.dll
0x00007fffdb2d0000 - 0x00007fffdb448000 	C:\WINDOWS\System32\CRYPT32.dll
0x00007fffc9300000 - 0x00007fffc930d000 	C:\Program Files\Java\jre1.8.0_202\bin\management.dll
0x00007fff8ec30000 - 0x00007fff8ec48000 	C:\WINDOWS\system32\napinsp.dll
0x00007fff8ec50000 - 0x00007fff8ec63000 	C:\WINDOWS\System32\winrnr.dll
0x00007fff8ec70000 - 0x00007fff8ec92000 	C:\WINDOWS\system32\nlansp_c.dll
0x00007fffb0ce0000 - 0x00007fffb0cf6000 	C:\WINDOWS\system32\wshbth.dll

VM Arguments:
jvm_args: -ea -Dfile.encoding=UTF-8 -Dstdout.encoding=UTF-8 -Dstderr.encoding=UTF-8 
java_command: org.eclipse.jdt.internal.junit.runner.RemoteTestRunner -version 3 -port 50026 -testLoaderClass org.eclipse.jdt.internal.junit4.runner.JUnit4TestLoader -loaderpluginname org.eclipse.jdt.junit4.runtime -classNames StepsDefinitions.TestRunnerOrange
java_class_path (initial): C:\Users\danae\git\CucumberJava\CucumberJava\target\test-classes;C:\Users\danae\git\CucumberJava\CucumberJava\target\classes;C:\Users\danae\.m2\repository\io\cucumber\cucumber-java\7.12.0\cucumber-java-7.12.0.jar;C:\Users\danae\.m2\repository\io\cucumber\cucumber-core\7.12.0\cucumber-core-7.12.0.jar;C:\Users\danae\.m2\repository\io\cucumber\cucumber-gherkin\7.12.0\cucumber-gherkin-7.12.0.jar;C:\Users\danae\.m2\repository\io\cucumber\cucumber-gherkin-messages\7.12.0\cucumber-gherkin-messages-7.12.0.jar;C:\Users\danae\.m2\repository\io\cucumber\gherkin\26.2.0\gherkin-26.2.0.jar;C:\Users\danae\.m2\repository\io\cucumber\messages\22.0.0\messages-22.0.0.jar;C:\Users\danae\.m2\repository\io\cucumber\tag-expressions\5.0.1\tag-expressions-5.0.1.jar;C:\Users\danae\.m2\repository\io\cucumber\cucumber-expressions\16.1.2\cucumber-expressions-16.1.2.jar;C:\Users\danae\.m2\repository\io\cucumber\datatable\7.12.0\datatable-7.12.0.jar;C:\Users\danae\.m2\repository\io\cucumber\cucumber-plugin\7.12.0\cucumber-plugin-7.12.0.jar;C:\Users\danae\.m2\repository\io\cucumber\docstring\7.12.0\docstring-7.12.0.jar;C:\Users\danae\.m2\repository\io\cucumber\html-formatter\20.3.0\html-formatter-20.3.0.jar;C:\Users\danae\.m2\repository\io\cucumber\junit-xml-formatter\0.2.0\junit-xml-formatter-0.2.0.jar;C:\Users\danae\.m2\repository\io\cucumber\ci-environment\9.2.0\ci-environment-9.2.0.jar;C:\Users\danae\.m2\repository\org\apiguardian\apiguardian-api\1.1.2\apiguardian-api-1.1.2.jar;C:\Users\danae\.m2\repository\junit\junit\4.13.2\junit-4.13.2.jar;C:\Users\danae\.m2\repository\org\hamcrest\hamcrest-core\1.3\hamcrest-core-1.3.jar;C:\Users\danae\.m2\repository\io\cucumber\cucumber-junit\7.12.0\cucumber-junit-7.12.0.jar;C:\Users\danae\.m2\repository\org\seleniumhq\selenium\selenium-java\4.9.0\selenium-java-4.9.0.jar;C:\Users\danae\.m2\repository\org\seleniumhq\selenium\selenium-api\4.9.0\selenium-api-4.9.0.jar;C:\Users\danae\.m2\repository\org\seleniumhq\selenium\selenium-
Launcher Type: SUN_STANDARD

Environment Variables:
JAVA_HOME=C:\Program Files\Java\jdk-21
PATH=C:/Users/danae/Downloads/eclipse-jee-2026-03-R-win32-x86_64/eclipse//plugins/org.eclipse.justj.openjdk.hotspot.jre.full.win32.x86_64_21.0.10.v20260205-0638/jre/bin/server;C:/Users/danae/Downloads/eclipse-jee-2026-03-R-win32-x86_64/eclipse//plugins/org.eclipse.justj.openjdk.hotspot.jre.full.win32.x86_64_21.0.10.v20260205-0638/jre/bin;C:\Program Files\Common Files\Oracle\Java\javapath;C:\Program Files (x86)\Common Files\Oracle\Java\javapath;C:\windows\system32;C:\windows;C:\windows\System32\Wbem;C:\windows\System32\WindowsPowerShell\v1.0\;C:\windows\System32\OpenSSH\;C:\Program Files\HP\HP One Agent;C:\WINDOWS\system32;C:\WINDOWS;C:\WINDOWS\System32\Wbem;C:\WINDOWS\System32\WindowsPowerShell\v1.0\;C:\WINDOWS\System32\OpenSSH\;C:\Program Files\Java\jdk-21;C:\apache-maven-3.9.14;C:\Program Files\nodejs\;C:\Program Files\Git\cmd;C:\Users\danae\AppData\Local\Microsoft\WindowsApps;C:\apache-maven-3.9.14\bin;C:\Program Files\Java\jdk-21\bin;C:\Users\danae\AppData\Roaming\npm;C:\Users\danae\AppData\Local\Programs\Microsoft VS Code\bin;C:\Users\danae\AppData\Local\GitHubDesktop\bin;C:\Users\danae\Downloads\eclipse-jee-2026-03-R-win32-x86_64\eclipse;
USERNAME=danae
OS=Windows_NT
PROCESSOR_IDENTIFIER=Intel64 Family 6 Model 140 Stepping 2, GenuineIntel



---------------  S Y S T E M  ---------------

OS: Windows 10.0 , 64 bit Build 26100 (10.0.26100.8328)

CPU:total 4 (initial active 4) (2 cores per cpu, 2 threads per core) family 6 model 140 stepping 2, cmov, cx8, fxsr, mmx, sse, sse2, sse3, ssse3, sse4.1, sse4.2, popcnt, avx, avx2, aes, clmul, erms, 3dnowpref, lzcnt, ht, tsc, tscinvbit, bmi1, bmi2, adx

Memory: 4k page, physical 3829372k(19412k free), swap 15363708k(5476k free)

vm_info: Java HotSpot(TM) 64-Bit Server VM (25.202-b08) for windows-amd64 JRE (1.8.0_202-b08), built on Dec 15 2018 19:54:30 by "java_re" with MS VC++ 10.0 (VS2010)

time: Wed May 20 19:56:52 2026
timezone: Hora est. Sudamérica Pacífico
elapsed time: 10 seconds (0d 0h 0m 10s)

