#
# There is insufficient memory for the Java Runtime Environment to continue.
# Native memory allocation (malloc) failed to allocate 32744 bytes for ChunkPool::allocate
# Possible reasons:
#   The system is out of physical RAM or swap space
#   The process is running with CompressedOops enabled, and the Java Heap may be blocking the growth of the native heap
# Possible solutions:
#   Reduce memory load on the system
#   Increase physical memory or swap space
#   Check if swap backing store is full
#   Decrease Java heap size (-Xmx/-Xms)
#   Decrease number of Java threads
#   Decrease Java thread stack sizes (-Xss)
#   Set larger code cache with -XX:ReservedCodeCacheSize=
#   JVM is running with Unscaled Compressed Oops mode in which the Java heap is
#     placed in the first 4GB address space. The Java Heap base address is the
#     maximum limit for the native heap growth. Please use -XX:HeapBaseMinAddress
#     to set the Java Heap base and to place the Java Heap above 4GB virtual address.
# This output file may be truncated or incomplete.
#
#  Out of Memory Error (allocation.cpp:272), pid=50480, tid=0x00000000000040bc
#
# JRE version: Java(TM) SE Runtime Environment (8.0_202-b08) (build 1.8.0_202-b08)
# Java VM: Java HotSpot(TM) 64-Bit Server VM (25.202-b08 mixed mode windows-amd64 compressed oops)
# Failed to write core dump. Minidumps are not enabled by default on client versions of Windows
#

---------------  T H R E A D  ---------------

Current thread (0x00000000150ec800):  JavaThread "C2 CompilerThread0" daemon [_thread_in_native, id=16572, stack(0x0000000016770000,0x0000000016870000)]

Stack: [0x0000000016770000,0x0000000016870000]
[error occurred during error reporting (printing stack bounds), id 0xc0000005]

Native frames: (J=compiled Java code, j=interpreted, Vv=VM code, C=native code)


Current CompileTask:
C2:   6827 2234   !   4       java.net.URLClassLoader$1::run (63 bytes)


---------------  P R O C E S S  ---------------

Java Threads: ( => current thread )
  0x000000001890a000 JavaThread "AsyncHttpClient-1-2" daemon [_thread_in_native, id=52784, stack(0x000000001b880000,0x000000001b980000)]
  0x0000000018688000 JavaThread "Keep-Alive-Timer" daemon [_thread_blocked, id=46964, stack(0x000000001b580000,0x000000001b680000)]
  0x0000000018687800 JavaThread "UrlChecker-2" daemon [_thread_blocked, id=51988, stack(0x000000001b380000,0x000000001b480000)]
  0x0000000018686000 JavaThread "Driver Service Executor" daemon [_thread_blocked, id=50536, stack(0x000000001b280000,0x000000001b380000)]
  0x0000000018683800 JavaThread "Driver Service Executor" daemon [_thread_blocked, id=50288, stack(0x000000001b180000,0x000000001b280000)]
  0x0000000016b8c800 JavaThread "Exec Stream Pumper" daemon [_thread_in_native, id=47832, stack(0x000000001ae80000,0x000000001af80000)]
  0x00000000187de800 JavaThread "Exec Stream Pumper" daemon [_thread_in_native, id=44740, stack(0x000000001ad80000,0x000000001ae80000)]
  0x0000000016c1c000 JavaThread "Exec Default Executor" daemon [_thread_in_native, id=45936, stack(0x000000001ac80000,0x000000001ad80000)]
  0x0000000016b7a800 JavaThread "AsyncHttpClient-1-1" daemon [_thread_blocked, id=52192, stack(0x000000001a980000,0x000000001aa80000)]
  0x0000000016bbf800 JavaThread "ForkJoinPool.commonPool-worker-1" daemon [_thread_blocked, id=44484, stack(0x0000000019080000,0x0000000019180000)]
  0x000000001734d000 JavaThread "ReaderThread" [_thread_in_native, id=42892, stack(0x0000000017870000,0x0000000017970000)]
  0x0000000016aaf800 JavaThread "Service Thread" daemon [_thread_blocked, id=52920, stack(0x0000000016e70000,0x0000000016f70000)]
  0x0000000015139800 JavaThread "C1 CompilerThread2" daemon [_thread_blocked, id=34208, stack(0x0000000016970000,0x0000000016a70000)]
  0x000000001510c800 JavaThread "C2 CompilerThread1" daemon [_thread_in_vm, id=41420, stack(0x0000000016870000,0x0000000016970000)]
=>0x00000000150ec800 JavaThread "C2 CompilerThread0" daemon [_thread_in_native, id=16572, stack(0x0000000016770000,0x0000000016870000)]
  0x00000000150eb000 JavaThread "Attach Listener" daemon [_thread_blocked, id=36656, stack(0x0000000016670000,0x0000000016770000)]
  0x00000000150e9800 JavaThread "Signal Dispatcher" daemon [_thread_blocked, id=51940, stack(0x0000000016570000,0x0000000016670000)]
  0x0000000002d3c800 JavaThread "Finalizer" daemon [_thread_blocked, id=33944, stack(0x0000000016330000,0x0000000016430000)]
  0x0000000002d39000 JavaThread "Reference Handler" daemon [_thread_blocked, id=52560, stack(0x0000000016230000,0x0000000016330000)]
  0x0000000002c46800 JavaThread "Forwarding newSession on session null to remote" [_thread_in_native, id=28880, stack(0x0000000002b40000,0x0000000002c40000)]

Other Threads:
  0x00000000150a8000 VMThread [stack: 0x0000000016130000,0x0000000016230000] [id=46868]
  0x0000000016add800 WatcherThread [stack: 0x0000000016f70000,0x0000000017070000] [id=52376]

VM state:not at safepoint (normal execution)

VM Mutex/Monitor currently owned by a thread: None

heap address: 0x00000000c5800000, size: 936 MB, Compressed Oops mode: 32-bit
Narrow klass base: 0x0000000000000000, Narrow klass shift: 3
Compressed class space size: 1073741824 Address: 0x0000000100000000

Heap:
 PSYoungGen      total 68608K, used 16277K [0x00000000ec800000, 0x00000000f3f00000, 0x0000000100000000)
  eden space 61440K, 14% used [0x00000000ec800000,0x00000000ed0e6770,0x00000000f0400000)
  from space 7168K, 99% used [0x00000000f0400000,0x00000000f0afefb0,0x00000000f0b00000)
  to   space 8704K, 0% used [0x00000000f3680000,0x00000000f3680000,0x00000000f3f00000)
 ParOldGen       total 30720K, used 7925K [0x00000000c5800000, 0x00000000c7600000, 0x00000000ec800000)
  object space 30720K, 25% used [0x00000000c5800000,0x00000000c5fbd730,0x00000000c7600000)
 Metaspace       used 28691K, capacity 30240K, committed 30464K, reserved 1075200K
  class space    used 3715K, capacity 4046K, committed 4096K, reserved 1048576K

Card table byte_map: [0x0000000012100000,0x00000000122e0000] byte_map_base: 0x0000000011ad4000

Marking Bits: (ParMarkBitMap*) 0x000000006c4c5ce0
 Begin Bits: [0x0000000012820000, 0x00000000136c0000)
 End Bits:   [0x00000000136c0000, 0x0000000014560000)

Polling page: 0x0000000002ae0000

CodeCache: size=245760Kb used=7396Kb max_used=7409Kb free=238363Kb
 bounds [0x0000000002d40000, 0x0000000003490000, 0x0000000011d40000]
 total_blobs=2722 nmethods=2232 adapters=401
 compilation: enabled

Compilation events (10 events):
Event: 6.629 Thread 0x0000000015139800 2229       3       java.util.ArrayList$ArrayListSpliterator::<init> (26 bytes)
Event: 6.629 Thread 0x0000000015139800 nmethod 2229 0x000000000346dcd0 code [0x000000000346de20, 0x000000000346dff0]
Event: 6.661 Thread 0x0000000015139800 2230       1       io.netty.channel.DefaultChannelPipeline::channel (5 bytes)
Event: 6.661 Thread 0x0000000015139800 nmethod 2230 0x000000000346b390 code [0x000000000346b4e0, 0x000000000346b5f0]
Event: 6.684 Thread 0x000000001510c800 2231   !   4       java.util.concurrent.ConcurrentHashMap::transfer (832 bytes)
Event: 6.715 Thread 0x000000001510c800 nmethod 2231 0x000000000347ea10 code [0x000000000347ec00, 0x000000000347fea0]
Event: 6.744 Thread 0x00000000150ec800 2232       4       java.security.CodeSource::getCertificates (98 bytes)
Event: 6.747 Thread 0x000000001510c800 2233       4       java.net.URLClassLoader$1::run (5 bytes)
Event: 6.753 Thread 0x00000000150ec800 nmethod 2232 0x000000000347c4d0 code [0x000000000347c660, 0x000000000347caf8]
Event: 6.754 Thread 0x00000000150ec800 2234   !   4       java.net.URLClassLoader$1::run (63 bytes)

GC Heap History (10 events):
Event: 1.715 GC heap before
{Heap before GC invocations=4 (full 0):
 PSYoungGen      total 17920K, used 17909K [0x00000000ec800000, 0x00000000eeb00000, 0x0000000100000000)
  eden space 15360K, 100% used [0x00000000ec800000,0x00000000ed700000,0x00000000ed700000)
  from space 2560K, 99% used [0x00000000ed700000,0x00000000ed97d7d0,0x00000000ed980000)
  to   space 2560K, 0% used [0x00000000ee880000,0x00000000ee880000,0x00000000eeb00000)
 ParOldGen       total 40960K, used 6122K [0x00000000c5800000, 0x00000000c8000000, 0x00000000ec800000)
  object space 40960K, 14% used [0x00000000c5800000,0x00000000c5dfaac8,0x00000000c8000000)
 Metaspace       used 17384K, capacity 18370K, committed 18560K, reserved 1064960K
  class space    used 2136K, capacity 2352K, committed 2432K, reserved 1048576K
Event: 1.719 GC heap after
Heap after GC invocations=4 (full 0):
 PSYoungGen      total 33280K, used 2528K [0x00000000ec800000, 0x00000000eeb00000, 0x0000000100000000)
  eden space 30720K, 0% used [0x00000000ec800000,0x00000000ec800000,0x00000000ee600000)
  from space 2560K, 98% used [0x00000000ee880000,0x00000000eeaf8020,0x00000000eeb00000)
  to   space 2560K, 0% used [0x00000000ee600000,0x00000000ee600000,0x00000000ee880000)
 ParOldGen       total 40960K, used 8348K [0x00000000c5800000, 0x00000000c8000000, 0x00000000ec800000)
  object space 40960K, 20% used [0x00000000c5800000,0x00000000c6027238,0x00000000c8000000)
 Metaspace       used 17384K, capacity 18370K, committed 18560K, reserved 1064960K
  class space    used 2136K, capacity 2352K, committed 2432K, reserved 1048576K
}
Event: 2.101 GC heap before
{Heap before GC invocations=5 (full 0):
 PSYoungGen      total 33280K, used 33248K [0x00000000ec800000, 0x00000000eeb00000, 0x0000000100000000)
  eden space 30720K, 100% used [0x00000000ec800000,0x00000000ee600000,0x00000000ee600000)
  from space 2560K, 98% used [0x00000000ee880000,0x00000000eeaf8020,0x00000000eeb00000)
  to   space 2560K, 0% used [0x00000000ee600000,0x00000000ee600000,0x00000000ee880000)
 ParOldGen       total 40960K, used 8348K [0x00000000c5800000, 0x00000000c8000000, 0x00000000ec800000)
  object space 40960K, 20% used [0x00000000c5800000,0x00000000c6027238,0x00000000c8000000)
 Metaspace       used 19752K, capacity 20846K, committed 20864K, reserved 1067008K
  class space    used 2422K, capacity 2671K, committed 2688K, reserved 1048576K
Event: 2.108 GC heap after
Heap after GC invocations=5 (full 0):
 PSYoungGen      total 33280K, used 2533K [0x00000000ec800000, 0x00000000f1200000, 0x0000000100000000)
  eden space 30720K, 0% used [0x00000000ec800000,0x00000000ec800000,0x00000000ee600000)
  from space 2560K, 98% used [0x00000000ee600000,0x00000000ee8797c0,0x00000000ee880000)
  to   space 7168K, 0% used [0x00000000f0b00000,0x00000000f0b00000,0x00000000f1200000)
 ParOldGen       total 40960K, used 12227K [0x00000000c5800000, 0x00000000c8000000, 0x00000000ec800000)
  object space 40960K, 29% used [0x00000000c5800000,0x00000000c63f0c70,0x00000000c8000000)
 Metaspace       used 19752K, capacity 20846K, committed 20864K, reserved 1067008K
  class space    used 2422K, capacity 2671K, committed 2688K, reserved 1048576K
}
Event: 2.133 GC heap before
{Heap before GC invocations=6 (full 0):
 PSYoungGen      total 33280K, used 5600K [0x00000000ec800000, 0x00000000f1200000, 0x0000000100000000)
  eden space 30720K, 9% used [0x00000000ec800000,0x00000000ecafeb58,0x00000000ee600000)
  from space 2560K, 98% used [0x00000000ee600000,0x00000000ee8797c0,0x00000000ee880000)
  to   space 7168K, 0% used [0x00000000f0b00000,0x00000000f0b00000,0x00000000f1200000)
 ParOldGen       total 40960K, used 12227K [0x00000000c5800000, 0x00000000c8000000, 0x00000000ec800000)
  object space 40960K, 29% used [0x00000000c5800000,0x00000000c63f0c70,0x00000000c8000000)
 Metaspace       used 20084K, capacity 21168K, committed 21248K, reserved 1067008K
  class space    used 2476K, capacity 2736K, committed 2816K, reserved 1048576K
Event: 2.136 GC heap after
Heap after GC invocations=6 (full 0):
 PSYoungGen      total 68608K, used 2964K [0x00000000ec800000, 0x00000000f1200000, 0x0000000100000000)
  eden space 61440K, 0% used [0x00000000ec800000,0x00000000ec800000,0x00000000f0400000)
  from space 7168K, 41% used [0x00000000f0b00000,0x00000000f0de50d8,0x00000000f1200000)
  to   space 7168K, 0% used [0x00000000f0400000,0x00000000f0400000,0x00000000f0b00000)
 ParOldGen       total 40960K, used 12227K [0x00000000c5800000, 0x00000000c8000000, 0x00000000ec800000)
  object space 40960K, 29% used [0x00000000c5800000,0x00000000c63f0c70,0x00000000c8000000)
 Metaspace       used 20084K, capacity 21168K, committed 21248K, reserved 1067008K
  class space    used 2476K, capacity 2736K, committed 2816K, reserved 1048576K
}
Event: 2.136 GC heap before
{Heap before GC invocations=7 (full 1):
 PSYoungGen      total 68608K, used 2964K [0x00000000ec800000, 0x00000000f1200000, 0x0000000100000000)
  eden space 61440K, 0% used [0x00000000ec800000,0x00000000ec800000,0x00000000f0400000)
  from space 7168K, 41% used [0x00000000f0b00000,0x00000000f0de50d8,0x00000000f1200000)
  to   space 7168K, 0% used [0x00000000f0400000,0x00000000f0400000,0x00000000f0b00000)
 ParOldGen       total 40960K, used 12227K [0x00000000c5800000, 0x00000000c8000000, 0x00000000ec800000)
  object space 40960K, 29% used [0x00000000c5800000,0x00000000c63f0c70,0x00000000c8000000)
 Metaspace       used 20084K, capacity 21168K, committed 21248K, reserved 1067008K
  class space    used 2476K, capacity 2736K, committed 2816K, reserved 1048576K
Event: 2.165 GC heap after
Heap after GC invocations=7 (full 1):
 PSYoungGen      total 68608K, used 0K [0x00000000ec800000, 0x00000000f1200000, 0x0000000100000000)
  eden space 61440K, 0% used [0x00000000ec800000,0x00000000ec800000,0x00000000f0400000)
  from space 7168K, 0% used [0x00000000f0b00000,0x00000000f0b00000,0x00000000f1200000)
  to   space 7168K, 0% used [0x00000000f0400000,0x00000000f0400000,0x00000000f0b00000)
 ParOldGen       total 30720K, used 6930K [0x00000000c5800000, 0x00000000c7600000, 0x00000000ec800000)
  object space 30720K, 22% used [0x00000000c5800000,0x00000000c5ec4920,0x00000000c7600000)
 Metaspace       used 20084K, capacity 21168K, committed 21248K, reserved 1067008K
  class space    used 2476K, capacity 2736K, committed 2816K, reserved 1048576K
}
Event: 3.496 GC heap before
{Heap before GC invocations=8 (full 1):
 PSYoungGen      total 68608K, used 60800K [0x00000000ec800000, 0x00000000f1200000, 0x0000000100000000)
  eden space 61440K, 98% used [0x00000000ec800000,0x00000000f0360098,0x00000000f0400000)
  from space 7168K, 0% used [0x00000000f0b00000,0x00000000f0b00000,0x00000000f1200000)
  to   space 7168K, 0% used [0x00000000f0400000,0x00000000f0400000,0x00000000f0b00000)
 ParOldGen       total 30720K, used 6930K [0x00000000c5800000, 0x00000000c7600000, 0x00000000ec800000)
  object space 30720K, 22% used [0x00000000c5800000,0x00000000c5ec4920,0x00000000c7600000)
 Metaspace       used 28223K, capacity 29768K, committed 29952K, reserved 1075200K
  class space    used 3632K, capacity 3976K, committed 4096K, reserved 1048576K
Event: 3.504 GC heap after
Heap after GC invocations=8 (full 1):
 PSYoungGen      total 68608K, used 7163K [0x00000000ec800000, 0x00000000f3f00000, 0x0000000100000000)
  eden space 61440K, 0% used [0x00000000ec800000,0x00000000ec800000,0x00000000f0400000)
  from space 7168K, 99% used [0x00000000f0400000,0x00000000f0afefb0,0x00000000f0b00000)
  to   space 8704K, 0% used [0x00000000f3680000,0x00000000f3680000,0x00000000f3f00000)
 ParOldGen       total 30720K, used 7925K [0x00000000c5800000, 0x00000000c7600000, 0x00000000ec800000)
  object space 30720K, 25% used [0x00000000c5800000,0x00000000c5fbd730,0x00000000c7600000)
 Metaspace       used 28223K, capacity 29768K, committed 29952K, reserved 1075200K
  class space    used 3632K, capacity 3976K, committed 4096K, reserved 1048576K
}

Deoptimization events (10 events):
Event: 2.248 Thread 0x0000000002c46800 Uncommon trap: reason=bimorphic action=maybe_recompile pc=0x00000000031e1334 method=java.net.URL.<init>(Ljava/net/URL;Ljava/lang/String;Ljava/net/URLStreamHandler;)V @ 504
Event: 2.250 Thread 0x0000000002c46800 Uncommon trap: reason=unstable_if action=reinterpret pc=0x000000000338d424 method=java.util.jar.Manifest$FastInputStream.readLine([BII)I @ 87
Event: 2.306 Thread 0x0000000002c46800 Uncommon trap: reason=bimorphic action=maybe_recompile pc=0x00000000032db9e4 method=java.util.regex.Pattern$Curly.match(Ljava/util/regex/Matcher;ILjava/lang/CharSequence;)Z @ 19
Event: 2.306 Thread 0x0000000002c46800 Uncommon trap: reason=bimorphic action=maybe_recompile pc=0x00000000032db9e4 method=java.util.regex.Pattern$Curly.match(Ljava/util/regex/Matcher;ILjava/lang/CharSequence;)Z @ 19
Event: 2.306 Thread 0x0000000002c46800 Uncommon trap: reason=bimorphic action=maybe_recompile pc=0x00000000032db9e4 method=java.util.regex.Pattern$Curly.match(Ljava/util/regex/Matcher;ILjava/lang/CharSequence;)Z @ 19
Event: 2.306 Thread 0x0000000002c46800 Uncommon trap: reason=bimorphic action=maybe_recompile pc=0x00000000032db9e4 method=java.util.regex.Pattern$Curly.match(Ljava/util/regex/Matcher;ILjava/lang/CharSequence;)Z @ 19
Event: 2.508 Thread 0x0000000002c46800 Uncommon trap: reason=unstable_if action=reinterpret pc=0x0000000002eef5b0 method=java.lang.String.replace(CC)Ljava/lang/String; @ 2
Event: 2.568 Thread 0x0000000018683800 Uncommon trap: reason=bimorphic action=maybe_recompile pc=0x00000000031e1334 method=java.net.URL.<init>(Ljava/net/URL;Ljava/lang/String;Ljava/net/URLStreamHandler;)V @ 504
Event: 3.140 Thread 0x0000000002c46800 Uncommon trap: reason=unstable_if action=reinterpret pc=0x0000000003405600 method=jdk.internal.org.objectweb.asm.Type.getArgumentsAndReturnSizes(Ljava/lang/String;)I @ 47
Event: 3.437 Thread 0x000000001890a000 Uncommon trap: reason=unstable_if action=reinterpret pc=0x00000000031eb938 method=java.lang.CharacterData.of(I)Ljava/lang/CharacterData; @ 4

Classes redefined (0 events):
No events

Internal exceptions (10 events):
Event: 2.274 Thread 0x0000000002c46800 Exception <a 'java/lang/NoClassDefFoundError'> (0x00000000ed048e60) thrown at [C:\re\workspace\8-2-build-windows-amd64-cygwin\jdk8u202\12323\hotspot\src\share\vm\oops\instanceKlass.cpp, line 959]
Event: 2.275 Thread 0x0000000002c46800 Exception <a 'java/lang/NoClassDefFoundError': org/apache/logging/log4j/spi/ExtendedLoggerWrapper> (0x00000000ed06c580) thrown at [C:\re\workspace\8-2-build-windows-amd64-cygwin\jdk8u202\12323\hotspot\src\share\vm\classfile\systemDictionary.cpp, line 199]
Event: 2.275 Thread 0x0000000002c46800 Exception <a 'java/lang/NoClassDefFoundError'> (0x00000000ed06c580) thrown at [C:\re\workspace\8-2-build-windows-amd64-cygwin\jdk8u202\12323\hotspot\src\share\vm\prims\jvm.cpp, line 1506]
Event: 2.276 Thread 0x0000000002c46800 Exception <a 'java/lang/NoClassDefFoundError': org/apache/log4j/Priority> (0x00000000ed08bc08) thrown at [C:\re\workspace\8-2-build-windows-amd64-cygwin\jdk8u202\12323\hotspot\src\share\vm\classfile\systemDictionary.cpp, line 199]
Event: 2.476 Thread 0x0000000002c46800 Exception <a 'java/lang/NoSuchMethodError': java.lang.Object.lambda$andFinally$1(Lorg/openqa/selenium/remote/http/HttpHandler;Lorg/openqa/selenium/remote/http/HttpRequest;)Lorg/openqa/selenium/remote/http/HttpResponse;> (0x00000000ee5b9628) thrown at [C:\
Event: 2.496 Thread 0x0000000002c46800 Exception <a 'java/lang/IncompatibleClassChangeError': Found class java.lang.Object, but interface was expected> (0x00000000ee7a99e0) thrown at [C:\re\workspace\8-2-build-windows-amd64-cygwin\jdk8u202\12323\hotspot\src\share\vm\interpreter\linkResolver.cp
Event: 2.496 Thread 0x0000000002c46800 Exception <a 'java/lang/NoSuchMethodError': java.lang.Object.lambda$or$2(Ljava/util/function/Predicate;Ljava/lang/Object;)Z> (0x00000000ee7b0cb0) thrown at [C:\re\workspace\8-2-build-windows-amd64-cygwin\jdk8u202\12323\hotspot\src\share\vm\interpreter\lin
Event: 3.092 Thread 0x0000000018687800 Exception <a 'java/net/SocketTimeoutException': connect timed out> (0x00000000eecb9060) thrown at [C:\re\workspace\8-2-build-windows-amd64-cygwin\jdk8u202\12323\hotspot\src\share\vm\prims\jni.cpp, line 736]
Event: 3.177 Thread 0x0000000002c46800 Exception <a 'java/lang/NoSuchMethodError': java.lang.Object.lambda$chars$0()Ljava/util/Spliterator$OfInt;> (0x00000000eeec3b48) thrown at [C:\re\workspace\8-2-build-windows-amd64-cygwin\jdk8u202\12323\hotspot\src\share\vm\interpreter\linkResolver.cpp, li
Event: 3.225 Thread 0x0000000002c46800 Exception <a 'java/lang/NoSuchMethodError': java.lang.Object.lambda$negate$1(Ljava/lang/Object;)Z> (0x00000000ef21f778) thrown at [C:\re\workspace\8-2-build-windows-amd64-cygwin\jdk8u202\12323\hotspot\src\share\vm\interpreter\linkResolver.cpp, line 620]

Events (10 events):
Event: 6.742 loading class com/google/common/base/Objects
Event: 6.742 loading class com/google/common/base/Objects done
Event: 6.743 loading class com/google/common/base/ExtraObjectsMethodsForWeb
Event: 6.743 loading class com/google/common/base/ExtraObjectsMethodsForWeb done
Event: 6.745 loading class com/google/common/collect/Maps$IteratorBasedAbstractMap$1
Event: 6.745 loading class com/google/common/collect/Maps$IteratorBasedAbstractMap$1 done
Event: 6.746 loading class com/google/common/collect/Maps$EntrySet
Event: 6.746 loading class com/google/common/collect/Maps$EntrySet done
Event: 6.772 loading class com/google/common/collect/Maps$13
Event: 6.772 loading class com/google/common/collect/Maps$13 done


Dynamic libraries:
0x00007ff75c100000 - 0x00007ff75c137000 	C:\Program Files\Java\jdk1.8.0_202\bin\javaw.exe
0x00007fffde1e0000 - 0x00007fffde447000 	C:\WINDOWS\SYSTEM32\ntdll.dll
0x00007fffdd570000 - 0x00007fffdd639000 	C:\WINDOWS\System32\KERNEL32.DLL
0x00007fffdac10000 - 0x00007fffdb007000 	C:\WINDOWS\System32\KERNELBASE.dll
0x00007fffdd640000 - 0x00007fffdd6f6000 	C:\WINDOWS\System32\ADVAPI32.dll
0x00007fffdc350000 - 0x00007fffdc3f9000 	C:\WINDOWS\System32\msvcrt.dll
0x00007fffdc060000 - 0x00007fffdc107000 	C:\WINDOWS\System32\sechost.dll
0x00007fffdcd60000 - 0x00007fffdce78000 	C:\WINDOWS\System32\RPCRT4.dll
0x00007fffdd240000 - 0x00007fffdd406000 	C:\WINDOWS\System32\USER32.dll
0x00007fffdb140000 - 0x00007fffdb167000 	C:\WINDOWS\System32\win32u.dll
0x00007fffdde00000 - 0x00007fffdde2b000 	C:\WINDOWS\System32\GDI32.dll
0x00007fffdb010000 - 0x00007fffdb13c000 	C:\WINDOWS\System32\gdi32full.dll
0x00007fffdb220000 - 0x00007fffdb2c3000 	C:\WINDOWS\System32\msvcp_win.dll
0x00007fffdb510000 - 0x00007fffdb65b000 	C:\WINDOWS\System32\ucrtbase.dll
0x00007fffbd350000 - 0x00007fffbd5e2000 	C:\WINDOWS\WinSxS\amd64_microsoft.windows.common-controls_6595b64144ccf1df_6.0.26100.8457_none_3e0b2faee331e92d\COMCTL32.dll
0x00007fffdd700000 - 0x00007fffdd732000 	C:\WINDOWS\System32\IMM32.DLL
0x000000006c550000 - 0x000000006c622000 	C:\Program Files\Java\jdk1.8.0_202\jre\bin\msvcr100.dll
0x000000006bca0000 - 0x000000006c545000 	C:\Program Files\Java\jdk1.8.0_202\jre\bin\server\jvm.dll
0x00007fffdd230000 - 0x00007fffdd238000 	C:\WINDOWS\System32\PSAPI.DLL
0x00007fffd3040000 - 0x00007fffd3076000 	C:\WINDOWS\SYSTEM32\WINMM.dll
0x00007fffcb1b0000 - 0x00007fffcb1bb000 	C:\WINDOWS\SYSTEM32\VERSION.dll
0x00007fffcc9c0000 - 0x00007fffcc9ca000 	C:\WINDOWS\SYSTEM32\WSOCK32.dll
0x00007fffdc1f0000 - 0x00007fffdc270000 	C:\WINDOWS\System32\WS2_32.dll
0x00007fffc1370000 - 0x00007fffc137f000 	C:\Program Files\Java\jdk1.8.0_202\jre\bin\verify.dll
0x00007fffb3d30000 - 0x00007fffb3d59000 	C:\Program Files\Java\jdk1.8.0_202\jre\bin\java.dll
0x00007fffbc800000 - 0x00007fffbc816000 	C:\Program Files\Java\jdk1.8.0_202\jre\bin\zip.dll
0x00007fffdc400000 - 0x00007fffdcb6e000 	C:\WINDOWS\System32\SHELL32.dll
0x00007fffdb6f0000 - 0x00007fffdbf5c000 	C:\WINDOWS\System32\windows.storage.dll
0x00007fffdce80000 - 0x00007fffdd203000 	C:\WINDOWS\System32\combase.dll
0x00007fffde020000 - 0x00007fffde116000 	C:\WINDOWS\System32\SHCORE.dll
0x00007fffddd10000 - 0x00007fffddd76000 	C:\WINDOWS\System32\shlwapi.dll
0x00007fffdab30000 - 0x00007fffdab59000 	C:\WINDOWS\SYSTEM32\profapi.dll
0x00007fffbc760000 - 0x00007fffbc77a000 	C:\Program Files\Java\jdk1.8.0_202\jre\bin\net.dll
0x00007fffbf300000 - 0x00007fffbf4dd000 	C:\WINDOWS\SYSTEM32\urlmon.dll
0x00007fffbf030000 - 0x00007fffbf2f4000 	C:\WINDOWS\SYSTEM32\iertutil.dll
0x00007fffbf000000 - 0x00007fffbf029000 	C:\WINDOWS\SYSTEM32\srvcli.dll
0x00007fffd9200000 - 0x00007fffd920d000 	C:\WINDOWS\SYSTEM32\netutils.dll
0x00007fffd9f10000 - 0x00007fffd9f7c000 	C:\WINDOWS\system32\mswsock.dll
0x00007fffb3da0000 - 0x00007fffb3db2000 	C:\Program Files\Java\jdk1.8.0_202\jre\bin\nio.dll
0x00007fffda1f0000 - 0x00007fffda20b000 	C:\WINDOWS\SYSTEM32\CRYPTSP.dll
0x00007fffd9900000 - 0x00007fffd9939000 	C:\WINDOWS\system32\rsaenh.dll
0x00007fffd9fc0000 - 0x00007fffd9ff3000 	C:\WINDOWS\SYSTEM32\USERENV.dll
0x00007fffdab00000 - 0x00007fffdab2a000 	C:\WINDOWS\SYSTEM32\bcrypt.dll
0x00007fffdb170000 - 0x00007fffdb218000 	C:\WINDOWS\System32\bcryptprimitives.dll
0x00007fffda210000 - 0x00007fffda21c000 	C:\WINDOWS\SYSTEM32\CRYPTBASE.dll
0x00007fffd9460000 - 0x00007fffd9492000 	C:\WINDOWS\SYSTEM32\IPHLPAPI.DLL
0x00007fffdd220000 - 0x00007fffdd22a000 	C:\WINDOWS\System32\NSI.dll
0x00007fffce880000 - 0x00007fffce89d000 	C:\WINDOWS\SYSTEM32\dhcpcsvc6.DLL
0x00007fffce850000 - 0x00007fffce875000 	C:\WINDOWS\SYSTEM32\dhcpcsvc.DLL
0x00007fffd9540000 - 0x00007fffd9672000 	C:\WINDOWS\SYSTEM32\DNSAPI.dll
0x00007fffb3a90000 - 0x00007fffb3ab4000 	C:\Program Files\Java\jdk1.8.0_202\jre\bin\sunec.dll
0x00007fffcccd0000 - 0x00007fffcccdb000 	C:\Windows\System32\rasadhlp.dll
0x00007fffce9b0000 - 0x00007fffcea36000 	C:\WINDOWS\System32\fwpuclnt.dll
0x00007fffc1360000 - 0x00007fffc136b000 	C:\Program Files\Java\jdk1.8.0_202\jre\bin\sunmscapi.dll
0x00007fffdb2d0000 - 0x00007fffdb448000 	C:\WINDOWS\System32\CRYPT32.dll
0x00007fffc0fc0000 - 0x00007fffc0fcd000 	C:\Program Files\Java\jdk1.8.0_202\jre\bin\management.dll
0x00007fff8ec30000 - 0x00007fff8ec48000 	C:\WINDOWS\system32\napinsp.dll
0x00007fff8ec50000 - 0x00007fff8ec63000 	C:\WINDOWS\System32\winrnr.dll
0x00007fff8ec70000 - 0x00007fff8ec92000 	C:\WINDOWS\system32\nlansp_c.dll
0x00007fffb0ce0000 - 0x00007fffb0cf6000 	C:\WINDOWS\system32\wshbth.dll

VM Arguments:
jvm_args: -ea -Dfile.encoding=UTF-8 -Dstdout.encoding=UTF-8 -Dstderr.encoding=UTF-8 
java_command: org.eclipse.jdt.internal.junit.runner.RemoteTestRunner -version 3 -port 64922 -testLoaderClass org.eclipse.jdt.internal.junit4.runner.JUnit4TestLoader -loaderpluginname org.eclipse.jdt.junit4.runtime -classNames StepsDefinitions.TestRunnerOrange
java_class_path (initial): C:\Users\danae\git\CucumberJava\CucumberJava\target\test-classes;C:\Users\danae\git\CucumberJava\CucumberJava\target\classes;C:\Users\danae\.m2\repository\io\cucumber\cucumber-java\7.12.0\cucumber-java-7.12.0.jar;C:\Users\danae\.m2\repository\io\cucumber\cucumber-core\7.12.0\cucumber-core-7.12.0.jar;C:\Users\danae\.m2\repository\io\cucumber\cucumber-gherkin\7.12.0\cucumber-gherkin-7.12.0.jar;C:\Users\danae\.m2\repository\io\cucumber\cucumber-gherkin-messages\7.12.0\cucumber-gherkin-messages-7.12.0.jar;C:\Users\danae\.m2\repository\io\cucumber\gherkin\26.2.0\gherkin-26.2.0.jar;C:\Users\danae\.m2\repository\io\cucumber\messages\22.0.0\messages-22.0.0.jar;C:\Users\danae\.m2\repository\io\cucumber\tag-expressions\5.0.1\tag-expressions-5.0.1.jar;C:\Users\danae\.m2\repository\io\cucumber\cucumber-expressions\16.1.2\cucumber-expressions-16.1.2.jar;C:\Users\danae\.m2\repository\io\cucumber\datatable\7.12.0\datatable-7.12.0.jar;C:\Users\danae\.m2\repository\io\cucumber\cucumber-plugin\7.12.0\cucumber-plugin-7.12.0.jar;C:\Users\danae\.m2\repository\io\cucumber\docstring\7.12.0\docstring-7.12.0.jar;C:\Users\danae\.m2\repository\io\cucumber\html-formatter\20.3.0\html-formatter-20.3.0.jar;C:\Users\danae\.m2\repository\io\cucumber\junit-xml-formatter\0.2.0\junit-xml-formatter-0.2.0.jar;C:\Users\danae\.m2\repository\io\cucumber\ci-environment\9.2.0\ci-environment-9.2.0.jar;C:\Users\danae\.m2\repository\org\apiguardian\apiguardian-api\1.1.2\apiguardian-api-1.1.2.jar;C:\Users\danae\.m2\repository\junit\junit\4.13.2\junit-4.13.2.jar;C:\Users\danae\.m2\repository\org\hamcrest\hamcrest-core\1.3\hamcrest-core-1.3.jar;C:\Users\danae\.m2\repository\io\cucumber\cucumber-junit\7.12.0\cucumber-junit-7.12.0.jar;C:\Users\danae\.m2\repository\org\seleniumhq\selenium\selenium-java\4.9.0\selenium-java-4.9.0.jar;C:\Users\danae\.m2\repository\org\seleniumhq\selenium\selenium-api\4.9.0\selenium-api-4.9.0.jar;C:\Users\danae\.m2\repository\org\seleniumhq\selenium\selenium-
Launcher Type: SUN_STANDARD

Environment Variables:
JAVA_HOME=C:\Program Files\Java\jdk-21
PATH=C:/Users/danae/Downloads/eclipse-jee-2026-03-R-win32-x86_64/eclipse//plugins/org.eclipse.justj.openjdk.hotspot.jre.full.win32.x86_64_21.0.10.v20260205-0638/jre/bin/server;C:/Users/danae/Downloads/eclipse-jee-2026-03-R-win32-x86_64/eclipse//plugins/org.eclipse.justj.openjdk.hotspot.jre.full.win32.x86_64_21.0.10.v20260205-0638/jre/bin;C:\Program Files\Common Files\Oracle\Java\javapath;C:\Program Files (x86)\Common Files\Oracle\Java\javapath;C:\windows\system32;C:\windows;C:\windows\System32\Wbem;C:\windows\System32\WindowsPowerShell\v1.0\;C:\windows\System32\OpenSSH\;C:\Program Files\HP\HP One Agent;C:\WINDOWS\system32;C:\WINDOWS;C:\WINDOWS\System32\Wbem;C:\WINDOWS\System32\WindowsPowerShell\v1.0\;C:\WINDOWS\System32\OpenSSH\;C:\Program Files\Java\jdk-21;C:\apache-maven-3.9.14;C:\Program Files\nodejs\;C:\Program Files\Git\cmd;C:\Users\danae\AppData\Local\Microsoft\WindowsApps;C:\apache-maven-3.9.14\bin;C:\Program Files\Java\jdk-21\bin;C:\Users\danae\AppData\Roaming\npm;C:\Users\danae\AppData\Local\Programs\Microsoft VS Code\bin;C:\Users\danae\AppData\Local\GitHubDesktop\bin;C:\Users\danae\Downloads\eclipse-jee-2026-03-R-win32-x86_64\eclipse;
USERNAME=danae
OS=Windows_NT
PROCESSOR_IDENTIFIER=Intel64 Family 6 Model 140 Stepping 2, GenuineIntel



---------------  S Y S T E M  ---------------

OS: Windows 10.0 , 64 bit Build 26100 (10.0.26100.8328)

CPU:total 4 (initial active 4) (2 cores per cpu, 2 threads per core) family 6 model 140 stepping 2, cmov, cx8, fxsr, mmx, sse, sse2, sse3, ssse3, sse4.1, sse4.2, popcnt, avx, avx2, aes, clmul, erms, 3dnowpref, lzcnt, ht, tsc, tscinvbit, bmi1, bmi2, adx

Memory: 4k page, physical 3829372k(83276k free), swap 15363708k(1100k free)

vm_info: Java HotSpot(TM) 64-Bit Server VM (25.202-b08) for windows-amd64 JRE (1.8.0_202-b08), built on Dec 15 2018 19:54:30 by "java_re" with MS VC++ 10.0 (VS2010)

time: Wed May 20 21:43:10 2026
timezone: Hora est. Sudamérica Pacífico
elapsed time: 6 seconds (0d 0h 0m 6s)

