JvmtiExport can_access_local_variables 0
JvmtiExport can_hotswap_or_post_breakpoint 0
JvmtiExport can_post_on_exceptions 0
# 129 ciObject found
ciMethod sun/misc/Unsafe getLong (Ljava/lang/Object;J)J 2049 1 256 0 -1
ciMethod sun/misc/Unsafe getObjectVolatile (Ljava/lang/Object;J)Ljava/lang/Object; 2049 1 256 0 -1
ciMethod sun/misc/Unsafe putOrderedObject (Ljava/lang/Object;JLjava/lang/Object;)V 2049 1 256 0 -1
ciMethod sun/misc/Unsafe putOrderedLong (Ljava/lang/Object;JJ)V 3073 1 384 0 -1
ciMethod io/netty/util/internal/shaded/org/jctools/queues/BaseMpscLinkedArrayQueue poll ()Ljava/lang/Object; 2049 1 385 0 -1
ciMethod io/netty/util/internal/shaded/org/jctools/queues/BaseMpscLinkedArrayQueue nextBuffer ([Ljava/lang/Object;J)[Ljava/lang/Object; 0 0 1 0 -1
ciMethod io/netty/util/internal/shaded/org/jctools/queues/BaseMpscLinkedArrayQueue newBufferPoll ([Ljava/lang/Object;J)Ljava/lang/Object; 0 0 1 0 -1
ciMethod io/netty/util/internal/shaded/org/jctools/queues/BaseMpscLinkedArrayQueueConsumerFields lpConsumerIndex ()J 2049 1 423 0 -1
ciMethod io/netty/util/internal/shaded/org/jctools/queues/BaseMpscLinkedArrayQueueConsumerFields soConsumerIndex (J)V 305 1 38 0 -1
ciMethod io/netty/util/internal/shaded/org/jctools/queues/BaseMpscLinkedArrayQueueProducerFields lvProducerIndex ()J 2049 1 438 0 -1
ciMethod io/netty/util/internal/shaded/org/jctools/util/UnsafeRefArrayAccess soRefElement ([Ljava/lang/Object;JLjava/lang/Object;)V 745 1 93 0 -1
ciMethod io/netty/util/internal/shaded/org/jctools/util/UnsafeRefArrayAccess lvRefElement ([Ljava/lang/Object;J)Ljava/lang/Object; 2057 1 439 0 -1
ciMethod io/netty/util/internal/shaded/org/jctools/queues/LinkedArrayQueueUtil modifiedCalcCircularRefElementOffset (JJ)J 2049 1 462 0 -1
ciMethodData io/netty/util/internal/shaded/org/jctools/queues/LinkedArrayQueueUtil modifiedCalcCircularRefElementOffset (JJ)J 2 462 orig 264 104 147 40 108 0 0 0 0 56 179 205 26 0 0 0 0 56 1 0 0 0 0 0 0 0 0 0 0 0 0 0 0 0 0 0 0 0 0 0 0 0 0 0 0 0 0 0 0 0 0 0 0 0 0 0 0 0 0 0 0 0 0 0 0 0 0 0 0 0 0 0 0 0 0 0 0 0 0 0 0 77 68 79 32 101 120 116 114 97 32 100 97 116 97 32 108 111 99 107 0 0 0 0 0 0 0 0 0 0 0 0 0 0 0 0 0 0 0 0 0 0 0 0 0 0 0 0 0 0 0 0 0 0 0 0 0 0 0 0 0 0 0 0 0 0 0 0 0 0 0 0 0 0 0 0 0 0 0 0 0 0 0 0 0 0 0 0 0 0 0 0 0 0 0 0 0 0 0 0 0 0 0 0 0 0 0 0 0 0 0 0 0 0 0 0 0 0 0 0 0 0 0 0 0 0 0 0 0 0 0 0 0 0 0 0 0 0 1 0 0 113 6 0 0 1 0 0 0 0 0 0 0 0 0 0 0 2 0 0 0 0 0 3 0 1 0 0 0 0 0 0 0 255 255 255 255 0 0 0 0 0 0 0 0 data 0 oops 0
ciMethodData io/netty/util/internal/shaded/org/jctools/util/UnsafeRefArrayAccess lvRefElement ([Ljava/lang/Object;J)Ljava/lang/Object; 2 439 orig 264 104 147 40 108 0 0 0 0 168 3 147 26 0 0 0 0 136 1 0 0 0 0 0 0 0 0 0 0 0 0 0 0 0 0 0 0 0 0 0 0 0 0 0 0 0 0 0 0 0 0 0 0 0 0 0 0 0 0 0 0 0 0 0 0 0 0 0 0 0 0 0 0 0 0 0 0 0 0 0 0 77 68 79 32 101 120 116 114 97 32 100 97 116 97 32 108 111 99 107 0 0 0 0 0 0 0 0 0 0 0 0 0 0 0 0 0 0 0 0 0 0 0 0 0 0 0 0 0 0 0 0 0 0 0 0 0 0 0 0 0 0 0 0 0 0 0 0 0 0 0 0 0 0 0 0 0 0 0 0 0 0 0 0 0 0 0 0 0 0 0 0 0 0 0 0 0 0 0 0 0 0 0 0 0 0 0 0 0 0 0 0 0 0 0 0 0 0 0 0 0 0 0 0 0 0 0 0 0 0 0 0 0 0 0 0 0 1 1 0 0 177 5 0 0 1 0 0 0 0 0 0 0 0 0 0 0 2 0 0 0 0 0 3 0 1 0 0 0 48 0 0 0 255 255 255 255 5 0 5 0 0 0 0 0 data 6 0x50005 0x0 0x0 0x0 0x0 0x0 oops 0
ciMethodData io/netty/util/internal/shaded/org/jctools/queues/BaseMpscLinkedArrayQueueProducerFields lvProducerIndex ()J 2 438 orig 264 104 147 40 108 0 0 0 0 104 136 145 26 0 0 0 0 32 1 0 0 0 0 0 0 0 0 0 0 0 0 0 0 0 0 0 0 0 0 0 0 0 0 0 0 0 0 0 0 0 0 0 0 0 0 0 0 0 0 0 0 0 0 0 0 0 0 0 0 0 0 0 0 0 0 0 0 0 0 0 0 77 68 79 32 101 120 116 114 97 32 100 97 116 97 32 108 111 99 107 0 0 0 0 0 0 0 0 0 0 0 0 0 0 0 0 0 0 0 0 0 0 0 0 0 0 0 0 0 0 0 0 0 0 0 0 0 0 0 0 0 0 0 0 0 0 0 0 0 0 0 0 0 0 0 0 0 0 0 0 0 0 0 0 0 0 0 0 0 0 0 0 0 0 0 0 0 0 0 0 0 0 0 0 0 0 0 0 0 0 0 0 0 0 0 0 0 0 0 0 0 0 0 0 0 0 0 0 0 0 0 0 0 0 0 0 0 0 1 0 0 177 5 0 0 1 0 0 0 0 0 0 0 0 0 0 0 2 0 0 0 0 0 3 0 1 0 0 0 0 0 0 0 255 255 255 255 0 0 0 0 0 0 0 0 data 0 oops 0
ciMethodData io/netty/util/internal/shaded/org/jctools/queues/BaseMpscLinkedArrayQueueConsumerFields lpConsumerIndex ()J 2 423 orig 264 104 147 40 108 0 0 0 0 216 118 145 26 0 0 0 0 120 1 0 0 0 0 0 0 0 0 0 0 0 0 0 0 0 0 0 0 0 0 0 0 0 0 0 0 0 0 0 0 0 0 0 0 0 0 0 0 0 0 0 0 0 0 0 0 0 0 0 0 0 0 0 0 0 0 0 0 0 0 0 0 77 68 79 32 101 120 116 114 97 32 100 97 116 97 32 108 111 99 107 0 0 0 0 0 0 0 0 0 0 0 0 0 0 0 0 0 0 0 0 0 0 0 0 0 0 0 0 0 0 0 0 0 0 0 0 0 0 0 0 0 0 0 0 0 0 0 0 0 0 0 0 0 0 0 0 0 0 0 0 0 0 0 0 0 0 0 0 0 0 0 0 0 0 0 0 0 0 0 0 0 0 0 0 0 0 0 0 0 0 0 0 0 0 0 0 0 0 0 0 0 0 0 0 0 0 0 0 0 0 0 0 0 0 0 0 0 0 1 0 0 57 5 0 0 1 0 0 0 0 0 0 0 0 0 0 0 2 0 0 0 0 0 3 0 1 0 0 0 48 0 0 0 255 255 255 255 5 0 7 0 0 0 0 0 data 6 0x70005 0x0 0x0 0x0 0x0 0x0 oops 0
ciMethodData io/netty/util/internal/shaded/org/jctools/queues/BaseMpscLinkedArrayQueue poll ()Ljava/lang/Object; 1 385 orig 264 104 147 40 108 0 0 0 0 192 67 145 26 0 0 0 0 208 2 0 0 56 1 0 0 0 0 0 0 0 0 0 0 0 0 0 0 0 0 0 0 0 0 0 0 0 0 0 0 0 0 0 0 0 0 0 0 0 0 0 0 0 0 0 0 0 0 0 0 0 0 0 0 0 0 0 0 0 0 0 0 77 68 79 32 101 120 116 114 97 32 100 97 116 97 32 108 111 99 107 0 0 0 0 0 0 0 0 0 0 0 0 0 0 0 0 0 0 0 0 0 0 0 0 0 0 0 0 0 0 0 0 0 0 0 0 0 0 0 0 0 0 0 0 0 0 0 0 0 0 0 0 0 0 0 0 0 0 0 0 0 0 0 0 0 0 0 0 0 0 0 0 0 0 0 0 0 0 0 0 0 0 0 0 0 0 0 0 0 0 0 0 0 0 0 0 0 0 0 0 0 0 0 0 0 0 0 0 0 0 0 0 0 0 0 0 0 0 1 0 0 9 4 0 0 1 0 0 0 0 0 0 0 0 0 0 0 2 0 0 0 0 0 0 0 0 0 0 0 136 1 0 0 255 255 255 255 5 0 6 0 0 0 0 0 data 49 0x60005 0x81 0x0 0x0 0x0 0x0 0x130002 0x81 0x1b0002 0x81 0x220007 0x5 0xb8 0x7c 0x270005 0x7c 0x0 0x0 0x0 0x0 0x2b0007 0x7c 0x68 0x0 0x310002 0x0 0x380007 0x0 0xfffffffffffffff0 0x0 0x3b0003 0x0 0x18 0x450007 0x5 0x40 0x0 0x4c0002 0x0 0x550002 0x0 0x5d0002 0x5 0x660005 0x5 0x0 0x0 0x0 0x0 oops 0
ciMethodData io/netty/util/internal/shaded/org/jctools/queues/BaseMpscLinkedArrayQueue nextBuffer ([Ljava/lang/Object;J)[Ljava/lang/Object; 1 0 orig 264 104 147 40 108 0 0 0 0 8 72 145 26 0 0 0 0 0 2 0 0 0 0 0 0 0 0 0 0 0 0 0 0 0 0 0 0 0 0 0 0 0 0 0 0 0 0 0 0 0 0 0 0 0 0 0 0 0 0 0 0 0 0 0 0 0 0 0 0 0 0 0 0 0 0 0 0 0 0 0 0 77 68 79 32 101 120 116 114 97 32 100 97 116 97 32 108 111 99 107 0 0 0 0 0 0 0 0 0 0 0 0 0 0 0 0 0 0 0 0 0 0 0 0 0 0 0 0 0 0 0 0 0 0 0 0 0 0 0 0 0 0 0 0 0 0 0 0 0 0 0 0 0 0 0 0 0 0 0 0 0 0 0 0 0 0 0 0 0 0 0 0 0 0 0 0 0 0 0 0 0 0 0 0 0 0 0 0 0 0 0 0 0 0 0 0 0 0 0 0 0 0 0 0 0 0 0 0 0 0 0 0 0 0 0 0 0 0 0 0 0 1 0 0 0 1 0 0 0 0 0 0 0 0 0 0 0 2 0 0 0 0 0 0 0 0 0 0 0 160 0 0 0 255 255 255 255 2 0 1 0 0 0 0 0 data 20 0x10002 0x0 0x90002 0x0 0xc0004 0x0 0x0 0x0 0x0 0x0 0xf0004 0x0 0x0 0x0 0x0 0x0 0x1d0002 0x0 0x2e0002 0x0 oops 0
ciMethodData io/netty/util/internal/shaded/org/jctools/queues/BaseMpscLinkedArrayQueue newBufferPoll ([Ljava/lang/Object;J)Ljava/lang/Object; 1 0 orig 264 104 147 40 108 0 0 0 0 184 73 145 26 0 0 0 0 240 1 0 0 64 0 0 0 0 0 0 0 0 0 0 0 0 0 0 0 0 0 0 0 0 0 0 0 0 0 0 0 0 0 0 0 0 0 0 0 0 0 0 0 0 0 0 0 0 0 0 0 0 0 0 0 0 0 0 0 0 0 0 0 77 68 79 32 101 120 116 114 97 32 100 97 116 97 32 108 111 99 107 0 0 0 0 0 0 0 0 0 0 0 0 0 0 0 0 0 0 0 0 0 0 0 0 0 0 0 0 0 0 0 0 0 0 0 0 0 0 0 0 0 0 0 0 0 0 0 0 0 0 0 0 0 0 0 0 0 0 0 0 0 0 0 0 0 0 0 0 0 0 0 0 0 0 0 0 0 0 0 0 0 0 0 0 0 0 0 0 0 0 0 0 0 0 0 0 0 0 0 0 0 0 0 0 0 0 0 0 0 0 0 0 0 0 0 0 0 0 0 0 0 1 0 0 0 1 0 0 0 0 0 0 0 0 0 0 0 2 0 0 0 0 0 0 0 0 0 0 0 144 0 0 0 255 255 255 255 2 0 5 0 0 0 0 0 data 18 0x50002 0x0 0xd0002 0x0 0x140007 0x0 0x30 0x0 0x1d0002 0x0 0x250002 0x0 0x2e0005 0x0 0x0 0x0 0x0 0x0 oops 0
ciMethodData io/netty/util/internal/shaded/org/jctools/util/UnsafeRefArrayAccess soRefElement ([Ljava/lang/Object;JLjava/lang/Object;)V 1 93 orig 264 104 147 40 108 0 0 0 0 56 2 147 26 0 0 0 0 144 1 0 0 0 0 0 0 0 0 0 0 0 0 0 0 0 0 0 0 0 0 0 0 0 0 0 0 0 0 0 0 0 0 0 0 0 0 0 0 0 0 0 0 0 0 0 0 0 0 0 0 0 0 0 0 0 0 0 0 0 0 0 0 77 68 79 32 101 120 116 114 97 32 100 97 116 97 32 108 111 99 107 0 0 0 0 0 0 0 0 0 0 0 0 0 0 0 0 0 0 0 0 0 0 0 0 0 0 0 0 0 0 0 0 0 0 0 0 0 0 0 0 0 0 0 0 0 0 0 0 0 0 0 0 0 0 0 0 0 0 0 0 0 0 0 0 0 0 0 0 0 0 0 0 0 0 0 0 0 0 0 0 0 0 0 0 0 0 0 0 0 0 0 0 0 0 0 0 0 0 0 0 0 0 0 0 0 0 0 0 0 0 0 0 0 0 0 0 0 93 0 0 0 1 0 0 0 1 0 0 0 0 0 0 0 0 0 0 0 2 0 0 0 0 0 0 0 0 0 0 0 48 0 0 0 255 255 255 255 5 0 6 0 0 0 0 0 data 6 0x60005 0x0 0x0 0x0 0x0 0x0 oops 0
ciMethodData io/netty/util/internal/shaded/org/jctools/queues/BaseMpscLinkedArrayQueueConsumerFields soConsumerIndex (J)V 1 38 orig 264 104 147 40 108 0 0 0 0 144 119 145 26 0 0 0 0 136 1 0 0 0 0 0 0 0 0 0 0 0 0 0 0 0 0 0 0 0 0 0 0 0 0 0 0 0 0 0 0 0 0 0 0 0 0 0 0 0 0 0 0 0 0 0 0 0 0 0 0 0 0 0 0 0 0 0 0 0 0 0 0 77 68 79 32 101 120 116 114 97 32 100 97 116 97 32 108 111 99 107 0 0 0 0 0 0 0 0 0 0 0 0 0 0 0 0 0 0 0 0 0 0 0 0 0 0 0 0 0 0 0 0 0 0 0 0 0 0 0 0 0 0 0 0 0 0 0 0 0 0 0 0 0 0 0 0 0 0 0 0 0 0 0 0 0 0 0 0 0 0 0 0 0 0 0 0 0 0 0 0 0 0 0 0 0 0 0 0 0 0 0 0 0 0 0 0 0 0 0 0 0 0 0 0 0 0 0 0 0 0 0 0 0 0 0 0 0 38 0 0 0 1 0 0 0 1 0 0 0 0 0 0 0 0 0 0 0 2 0 0 0 0 0 0 0 0 0 0 0 48 0 0 0 255 255 255 255 5 0 8 0 0 0 0 0 data 6 0x80005 0x0 0x0 0x0 0x0 0x0 oops 0
instanceKlass org/openqa/selenium/remote/RemoteWebDriver$RemoteNavigation
instanceKlass io/cucumber/junitxmlformatter/XmlReportData$$Lambda$545
instanceKlass io/cucumber/core/runner/TestStepResultStatusMapper
instanceKlass io/cucumber/core/gherkin/DataTableArgument
instanceKlass io/cucumber/plugin/event/DataTableArgument
instanceKlass io/cucumber/junit/JUnitReporter$1
instanceKlass io/cucumber/plugin/event/Result
instanceKlass java/time/Instant$1
instanceKlass io/netty/channel/AbstractChannelHandlerContext$WriteTask$1
instanceKlass io/netty/channel/AbstractChannelHandlerContext$WriteTask
instanceKlass com/google/common/collect/SortedSetMultimap
instanceKlass com/google/common/collect/Multimaps
instanceKlass com/google/common/net/MediaType$$Lambda$544
instanceKlass org/openqa/selenium/remote/RemoteWebDriver$RemoteWebDriverOptions$RemoteWindow
instanceKlass org/openqa/selenium/WebDriver$Timeouts
instanceKlass org/openqa/selenium/WebDriver$Window
instanceKlass org/openqa/selenium/remote/RemoteWebDriver$RemoteWebDriverOptions
instanceKlass org/openqa/selenium/support/ui/FluentWait$$Lambda$543
instanceKlass org/openqa/selenium/support/ui/Sleeper$$Lambda$542
instanceKlass org/openqa/selenium/support/ui/Sleeper
instanceKlass java/time/zone/ZoneOffsetTransition
instanceKlass java/time/zone/Ser
instanceKlass java/time/zone/ZoneRulesProvider$1
instanceKlass java/time/zone/ZoneRulesProvider
instanceKlass org/openqa/selenium/support/ui/FluentWait
instanceKlass org/openqa/selenium/support/ui/Wait
instanceKlass org/openqa/selenium/chromium/AddHasCdp$1
instanceKlass org/openqa/selenium/chromium/AddHasCasting$1
instanceKlass org/openqa/selenium/PersistentCapabilities$$Lambda$541
instanceKlass org/openqa/selenium/ImmutableCapabilities$$Lambda$540
instanceKlass java/util/stream/ReduceOps$5ReducingSink
instanceKlass java/util/stream/Sink$OfInt
instanceKlass org/openqa/selenium/SharedCapabilitiesMethods$$Lambda$539
instanceKlass java/util/function/IntBinaryOperator
instanceKlass java/lang/invoke/LambdaForm$DMH
instanceKlass org/openqa/selenium/SharedCapabilitiesMethods$$Lambda$538
instanceKlass org/openqa/selenium/PersistentCapabilities
instanceKlass org/openqa/selenium/chromium/ChromiumDriver$$Lambda$537
instanceKlass org/openqa/selenium/ImmutableCapabilities
instanceKlass org/openqa/selenium/devtools/noop/NoOpDomains
instanceKlass org/openqa/selenium/chromium/ChromiumDriver$$Lambda$536
instanceKlass org/openqa/selenium/chromium/ChromiumDriver$$Lambda$535
instanceKlass org/openqa/selenium/devtools/noop/NoOpCdpInfo$$Lambda$534
instanceKlass org/openqa/selenium/chromium/ChromiumDriver$$Lambda$533
instanceKlass java/util/Formatter$DateTime
instanceKlass java/text/FieldPosition$Delegate
instanceKlass sun/util/logging/LoggingSupport$2
instanceKlass java/util/logging/Formatter
instanceKlass java/util/logging/LogRecord
instanceKlass org/openqa/selenium/devtools/v85/V85CdpInfo$$Lambda$532
instanceKlass org/openqa/selenium/devtools/v85/V85Domains
instanceKlass org/openqa/selenium/devtools/v112/v112CdpInfo$$Lambda$531
instanceKlass org/openqa/selenium/devtools/v112/v112Domains
instanceKlass org/openqa/selenium/devtools/v111/v111CdpInfo$$Lambda$530
instanceKlass org/openqa/selenium/devtools/v111/v111Domains
instanceKlass org/openqa/selenium/devtools/v110/v110CdpInfo$$Lambda$529
instanceKlass org/openqa/selenium/devtools/idealized/Javascript
instanceKlass org/openqa/selenium/devtools/idealized/Events
instanceKlass org/openqa/selenium/devtools/idealized/Network
instanceKlass org/openqa/selenium/devtools/idealized/log/Log
instanceKlass org/openqa/selenium/devtools/idealized/target/Target
instanceKlass org/openqa/selenium/devtools/DevTools
instanceKlass org/openqa/selenium/devtools/v110/v110Domains
instanceKlass org/openqa/selenium/devtools/idealized/Domains
instanceKlass org/openqa/selenium/devtools/CdpVersionFinder
instanceKlass io/netty/handler/codec/http/websocketx/WebSocketDecoderConfig$Builder
instanceKlass io/netty/handler/codec/http/websocketx/WebSocketDecoderConfig
instanceKlass io/netty/handler/codec/http/websocketx/WebSocketFrameDecoder
instanceKlass java/lang/Deprecated
instanceKlass io/netty/handler/codec/http/websocketx/WebSocketFrameEncoder
instanceKlass io/netty/buffer/DefaultByteBufHolder
instanceKlass org/asynchttpclient/util/MessageDigestUtils$$Lambda$528
instanceKlass org/asynchttpclient/util/MessageDigestUtils$$Lambda$527
instanceKlass org/asynchttpclient/util/MessageDigestUtils
instanceKlass org/asynchttpclient/netty/handler/WebSocketHandler$1
instanceKlass org/openqa/selenium/remote/http/netty/NettyWebSocket$$Lambda$526
instanceKlass org/asynchttpclient/netty/ws/NettyWebSocket
instanceKlass org/asynchttpclient/ws/WebSocketUtils
instanceKlass org/asynchttpclient/util/HttpConstants$Methods
instanceKlass org/asynchttpclient/ws/WebSocket
instanceKlass org/openqa/selenium/remote/http/netty/NettyWebSocket$1
instanceKlass org/asynchttpclient/ws/WebSocketUpgradeHandler$Builder
instanceKlass org/openqa/selenium/remote/http/netty/NettyWebSocket$$Lambda$525
instanceKlass org/openqa/selenium/devtools/Connection$Listener
instanceKlass org/openqa/selenium/devtools/Connection$$Lambda$524
instanceKlass org/openqa/selenium/chromium/ChromiumDriver$$Lambda$523
instanceKlass org/openqa/selenium/devtools/Connection
instanceKlass io/netty/handler/codec/http/FullHttpRequest
instanceKlass org/openqa/selenium/chromium/ChromiumDriver$$Lambda$522
instanceKlass org/openqa/selenium/devtools/CdpEndpointFinder
instanceKlass org/openqa/selenium/chromium/AddHasLaunchApp$1
instanceKlass org/openqa/selenium/chromium/AddHasNetworkConditions$1
instanceKlass org/openqa/selenium/remote/mobile/RemoteNetworkConnection
instanceKlass org/openqa/selenium/chromium/AddHasPermissions$1
instanceKlass org/openqa/selenium/html5/SessionStorage
instanceKlass org/openqa/selenium/html5/LocalStorage
instanceKlass org/openqa/selenium/html5/Storage
instanceKlass org/openqa/selenium/remote/html5/RemoteWebStorage
instanceKlass org/openqa/selenium/remote/html5/RemoteLocationContext
instanceKlass org/openqa/selenium/remote/RemoteWebElement
instanceKlass org/openqa/selenium/interactions/Locatable
instanceKlass com/google/common/collect/Maps$TransformedEntriesMap$$Lambda$521
instanceKlass org/openqa/selenium/MutableCapabilities$$Lambda$520
instanceKlass org/openqa/selenium/remote/Response
instanceKlass org/openqa/selenium/remote/codec/AbstractHttpResponseCodec
instanceKlass org/openqa/selenium/safari/HasPermissions
instanceKlass org/openqa/selenium/safari/AddHasPermissions
instanceKlass org/openqa/selenium/safari/HasDebugger
instanceKlass org/openqa/selenium/safari/AddHasDebugger
instanceKlass org/openqa/selenium/firefox/HasFullPageScreenshot
instanceKlass org/openqa/selenium/firefox/AddHasFullPageScreenshot
instanceKlass org/openqa/selenium/firefox/HasExtensions
instanceKlass org/openqa/selenium/firefox/AddHasExtensions
instanceKlass org/openqa/selenium/firefox/HasContext
instanceKlass org/openqa/selenium/firefox/AddHasContext
instanceKlass org/openqa/selenium/remote/Dialect$$Lambda$519
instanceKlass org/openqa/selenium/remote/Dialect$$Lambda$518
instanceKlass com/google/common/base/NullnessCasts
instanceKlass com/google/common/base/AbstractIterator$1
instanceKlass com/google/common/base/Splitter$5
instanceKlass org/openqa/selenium/remote/codec/AbstractHttpCommandCodec$CommandSpec
instanceKlass com/google/common/base/AbstractIterator
instanceKlass com/google/common/base/Splitter$1
instanceKlass com/google/common/base/Splitter$Strategy
instanceKlass com/google/common/base/Splitter
instanceKlass org/openqa/selenium/remote/codec/AbstractHttpCommandCodec
instanceKlass org/openqa/selenium/remote/ProtocolHandshake$$Lambda$517
instanceKlass org/openqa/selenium/remote/ProtocolHandshake$$Lambda$516
instanceKlass org/openqa/selenium/internal/Either
instanceKlass org/openqa/selenium/Proxy$$Lambda$515
instanceKlass org/openqa/selenium/Proxy$$Lambda$514
instanceKlass org/openqa/selenium/Proxy$$Lambda$513
instanceKlass org/openqa/selenium/Proxy$$Lambda$512
instanceKlass org/openqa/selenium/Proxy$$Lambda$511
instanceKlass org/openqa/selenium/Proxy$$Lambda$510
instanceKlass org/openqa/selenium/Proxy$$Lambda$509
instanceKlass org/openqa/selenium/Proxy$$Lambda$508
instanceKlass org/openqa/selenium/Proxy$$Lambda$507
instanceKlass org/openqa/selenium/Proxy$$Lambda$506
instanceKlass org/openqa/selenium/Proxy$$Lambda$505
instanceKlass org/openqa/selenium/Proxy$$Lambda$504
instanceKlass org/openqa/selenium/remote/SessionId
instanceKlass org/openqa/selenium/remote/ProtocolHandshake$Result$$Lambda$503
instanceKlass org/openqa/selenium/Proxy
instanceKlass org/openqa/selenium/remote/W3CHandshakeResponse$$Lambda$502
instanceKlass org/openqa/selenium/remote/W3CHandshakeResponse$$Lambda$501
instanceKlass org/openqa/selenium/remote/ProtocolHandshake$$Lambda$500
instanceKlass org/openqa/selenium/remote/ProtocolHandshake$$Lambda$499
instanceKlass java/util/stream/Streams$AbstractStreamBuilderImpl
instanceKlass java/util/stream/Stream$Builder
instanceKlass org/openqa/selenium/remote/HandshakeResponse$$Lambda$498
instanceKlass org/openqa/selenium/remote/ProtocolHandshake$Result
instanceKlass org/openqa/selenium/remote/W3CHandshakeResponse
instanceKlass org/openqa/selenium/remote/HandshakeResponse
instanceKlass org/openqa/selenium/remote/InitialHandshakeResponse
instanceKlass java/math/MathContext
instanceKlass org/openqa/selenium/json/NumberCoercer$1
instanceKlass org/openqa/selenium/json/NumberCoercer$$Lambda$497
instanceKlass org/openqa/selenium/json/JsonInput$$Lambda$496
instanceKlass org/openqa/selenium/json/BooleanCoercer$$Lambda$495
instanceKlass com/google/common/io/ByteArrayDataInput
instanceKlass com/google/common/io/ByteArrayDataOutput
instanceKlass com/google/common/io/ByteStreams
instanceKlass com/google/common/base/MoreObjects
instanceKlass com/google/common/collect/NullnessCasts
instanceKlass com/google/common/net/MediaType$Tokenizer
instanceKlass com/google/common/base/Joiner$MapJoiner
instanceKlass com/google/common/base/Joiner
instanceKlass com/google/common/primitives/IntsMethodsForWeb
instanceKlass com/google/common/collect/AbstractMapBasedMultiset$2
instanceKlass com/google/common/collect/Multisets$AbstractEntry
instanceKlass java/util/concurrent/ConcurrentLinkedDeque$AbstractItr
instanceKlass com/google/common/collect/Count
instanceKlass com/google/common/collect/Iterables
instanceKlass com/google/common/collect/SortedMultiset
instanceKlass com/google/common/collect/SortedMultisetBridge
instanceKlass com/google/common/collect/Multiset$Entry
instanceKlass com/google/common/collect/Multisets
instanceKlass com/google/common/base/Optional
instanceKlass com/google/common/collect/TransformedIterator
instanceKlass com/google/common/collect/Maps$13
instanceKlass com/google/common/base/ExtraObjectsMethodsForWeb
instanceKlass com/google/common/collect/Maps$9
instanceKlass com/google/common/net/MediaType$$Lambda$494
instanceKlass java/util/DualPivotQuicksort
instanceKlass com/google/common/base/CharMatcher
instanceKlass com/google/common/collect/ObjectArrays
instanceKlass com/google/common/collect/ImmutableMultimap$Builder
instanceKlass com/google/common/base/Ascii
instanceKlass com/google/common/base/Charsets
instanceKlass com/google/common/net/MediaType
instanceKlass org/openqa/selenium/remote/http/netty/NettyMessages$$Lambda$493
instanceKlass io/netty/handler/codec/HeadersUtils$StringIterator
instanceKlass org/openqa/selenium/remote/http/netty/NettyMessages$$Lambda$492
instanceKlass org/openqa/selenium/remote/http/Contents$MemoizedSupplier
instanceKlass org/openqa/selenium/remote/http/netty/NettyMessages$$Lambda$491
instanceKlass org/asynchttpclient/netty/NettyResponse
instanceKlass org/asynchttpclient/netty/channel/DefaultChannelPool$IdleChannel
instanceKlass org/asynchttpclient/netty/channel/DefaultChannelPool$$Lambda$490
instanceKlass org/asynchttpclient/netty/util/ByteBufUtils$$Lambda$489
instanceKlass org/asynchttpclient/netty/util/ByteBufUtils
instanceKlass io/netty/handler/codec/http/DefaultLastHttpContent$TrailingHttpHeaders$1
instanceKlass io/netty/buffer/PooledSlicedByteBuf$1
instanceKlass org/asynchttpclient/handler/StreamedAsyncHandler
instanceKlass io/netty/handler/codec/compression/Brotli
instanceKlass io/netty/buffer/ByteBufUtil$SWARByteSearch
instanceKlass io/netty/handler/codec/http/HttpObjectDecoder$2
instanceKlass io/netty/handler/codec/CodecOutputList$CodecOutputLists
instanceKlass io/netty/handler/codec/CodecOutputList$1
instanceKlass io/netty/handler/codec/CodecOutputList$CodecOutputListRecycler
instanceKlass io/netty/channel/DefaultMaxMessagesRecvByteBufAllocator$MaxMessageHandle$1
instanceKlass io/netty/util/UncheckedBooleanSupplier
instanceKlass io/netty/util/BooleanSupplier
instanceKlass io/netty/channel/DefaultMaxMessagesRecvByteBufAllocator$MaxMessageHandle
instanceKlass io/netty/channel/RecvByteBufAllocator$ExtendedHandle
instanceKlass io/netty/util/internal/PromiseNotificationUtil
instanceKlass sun/nio/ch/IOVecWrapper$Deallocator
instanceKlass sun/nio/ch/IOVecWrapper
instanceKlass io/netty/buffer/PoolThreadCache$MemoryRegionCache$Entry
instanceKlass io/netty/buffer/PoolThreadCache$1
instanceKlass io/netty/buffer/PooledUnsafeHeapByteBuf$1
instanceKlass io/netty/buffer/PooledHeapByteBuf$1
instanceKlass io/netty/channel/ChannelOutboundBuffer$Entry$1
instanceKlass io/netty/handler/codec/http/HttpHeadersEncoder
instanceKlass io/netty/handler/codec/DefaultHeaders$HeaderIterator
instanceKlass io/netty/handler/codec/DefaultHeaders$ValueIterator
instanceKlass io/netty/handler/codec/http/HttpUtil
instanceKlass io/netty/buffer/LongLongHashMap
instanceKlass io/netty/buffer/LongPriorityQueue
instanceKlass io/netty/buffer/PoolChunk
instanceKlass io/netty/buffer/PoolChunkMetric
instanceKlass io/netty/util/internal/shaded/org/jctools/queues/MessagePassingQueueUtil
instanceKlass io/netty/util/Recycler$LocalPool
instanceKlass io/netty/util/internal/shaded/org/jctools/queues/MessagePassingQueue$Consumer
instanceKlass io/netty/buffer/PooledUnsafeDirectByteBuf$1
instanceKlass io/netty/util/Recycler$EnhancedHandle
instanceKlass io/netty/util/Recycler$Handle
instanceKlass io/netty/util/internal/ObjectPool$Handle
instanceKlass io/netty/util/Recycler
instanceKlass io/netty/util/internal/ObjectPool
instanceKlass io/netty/buffer/PoolThreadCache$MemoryRegionCache$1
instanceKlass io/netty/util/internal/ObjectPool$ObjectCreator
instanceKlass io/netty/buffer/PoolThreadCache$MemoryRegionCache
instanceKlass io/netty/handler/codec/http/HttpResponse
instanceKlass io/netty/handler/codec/http/FullHttpMessage
instanceKlass io/netty/handler/codec/http/LastHttpContent$1
instanceKlass io/netty/handler/stream/ChunkedStream
instanceKlass io/netty/handler/stream/ChunkedInput
instanceKlass org/asynchttpclient/netty/request/WriteListener
instanceKlass io/netty/channel/ChannelProgressiveFutureListener
instanceKlass io/netty/handler/stream/ChunkedWriteHandler$PendingWrite
instanceKlass io/netty/util/ReferenceCountUtil
instanceKlass io/netty/channel/ServerChannel
instanceKlass org/asynchttpclient/netty/channel/NettyConnectListener$$Lambda$488
instanceKlass io/netty/channel/ChannelFutureListener$3
instanceKlass io/netty/channel/ChannelFutureListener$2
instanceKlass io/netty/channel/ChannelFutureListener$1
instanceKlass io/netty/channel/nio/AbstractNioChannel$AbstractNioUnsafe$2
instanceKlass io/netty/channel/nio/AbstractNioChannel$AbstractNioUnsafe$1
instanceKlass io/netty/util/internal/SocketUtils$3
instanceKlass io/netty/bootstrap/Bootstrap$3
instanceKlass io/netty/util/concurrent/GenericProgressiveFutureListener
instanceKlass io/netty/resolver/AddressResolverGroup$1
instanceKlass io/netty/resolver/AbstractAddressResolver
instanceKlass io/netty/util/internal/TypeParameterMatcher
instanceKlass io/netty/buffer/UnsafeByteBufUtil
instanceKlass io/netty/buffer/AbstractByteBufAllocator$1
instanceKlass io/netty/handler/codec/http/HttpObjectDecoder$HeaderParser
instanceKlass io/netty/util/internal/ReferenceCountUpdater
instanceKlass io/netty/buffer/UnpooledByteBufAllocator$UnpooledByteBufAllocatorMetric
instanceKlass io/netty/buffer/Unpooled
instanceKlass io/netty/handler/codec/http/HttpObjectDecoder$1
instanceKlass io/netty/handler/codec/ByteToMessageDecoder$2
instanceKlass io/netty/handler/codec/ByteToMessageDecoder$1
instanceKlass io/netty/handler/codec/http/LastHttpContent
instanceKlass io/netty/handler/codec/http/HttpContent
instanceKlass io/netty/buffer/ByteBufHolder
instanceKlass io/netty/handler/codec/ByteToMessageDecoder$Cumulator
instanceKlass io/netty/channel/CombinedChannelDuplexHandler$DelegatingChannelHandlerContext
instanceKlass org/asynchttpclient/netty/SimpleChannelFutureListener
instanceKlass io/netty/handler/codec/http/HttpClientUpgradeHandler$SourceCodec
instanceKlass io/netty/bootstrap/Bootstrap$1
instanceKlass sun/nio/ch/WindowsSelectorImpl$MapEntry
instanceKlass java/nio/channels/spi/AbstractSelector$1
instanceKlass io/netty/util/internal/ThreadExecutorMap$2
instanceKlass io/netty/util/concurrent/SingleThreadEventExecutor$4
instanceKlass io/netty/util/concurrent/AbstractEventExecutor$LazyRunnable
instanceKlass io/netty/channel/AbstractChannel$AbstractUnsafe$1
instanceKlass java/lang/reflect/Proxy$1
instanceKlass io/netty/channel/ChannelHandler$Sharable
instanceKlass io/netty/channel/RecvByteBufAllocator$Handle
instanceKlass io/netty/channel/DefaultMaxMessagesRecvByteBufAllocator
instanceKlass io/netty/channel/MaxMessagesRecvByteBufAllocator
instanceKlass io/netty/channel/WriteBufferWaterMark
instanceKlass io/netty/channel/DefaultMessageSizeEstimator$HandleImpl
instanceKlass io/netty/channel/DefaultMessageSizeEstimator
instanceKlass io/netty/channel/MessageSizeEstimator
instanceKlass io/netty/channel/RecvByteBufAllocator
instanceKlass io/netty/channel/DefaultChannelConfig
instanceKlass io/netty/channel/nio/AbstractNioByteChannel$1
instanceKlass io/netty/channel/nio/AbstractNioChannel$1
instanceKlass io/netty/channel/ChannelHandlerMask$Skip
instanceKlass io/netty/channel/ChannelHandlerMask$2
instanceKlass io/netty/channel/ChannelHandlerMask
instanceKlass io/netty/channel/AbstractChannelHandlerContext$Tasks
instanceKlass io/netty/channel/VoidChannelPromise$1
instanceKlass io/netty/channel/MessageSizeEstimator$Handle
instanceKlass io/netty/channel/DefaultChannelPipeline$PendingHandlerCallback
instanceKlass io/netty/channel/ChannelProgressivePromise
instanceKlass io/netty/channel/ChannelProgressiveFuture
instanceKlass io/netty/channel/AbstractChannelHandlerContext
instanceKlass io/netty/util/ResourceLeakHint
instanceKlass io/netty/channel/ChannelHandlerContext
instanceKlass io/netty/channel/DefaultChannelPipeline
instanceKlass io/netty/channel/ChannelOutboundBuffer$Entry
instanceKlass java/util/concurrent/atomic/AtomicLongFieldUpdater$CASUpdater$1
instanceKlass java/util/concurrent/atomic/AtomicLongFieldUpdater
instanceKlass io/netty/channel/ChannelOutboundBuffer
instanceKlass io/netty/util/internal/SocketUtils$13
instanceKlass io/netty/util/NetUtil$SoMaxConnAction
instanceKlass io/netty/util/NetUtilInitializations$NetworkIfaceAndInetAddress
instanceKlass java/net/NetworkInterface$1checkedAddresses
instanceKlass io/netty/util/internal/SocketUtils$11
instanceKlass io/netty/util/NetUtilInitializations
instanceKlass io/netty/util/NetUtil
instanceKlass io/netty/util/internal/MacAddressUtil
instanceKlass sun/management/RuntimeImpl
instanceKlass sun/management/VMManagementImpl
instanceKlass sun/management/VMManagement
instanceKlass sun/management/ManagementFactoryHelper$4
instanceKlass sun/management/ManagementFactoryHelper
instanceKlass java/lang/management/ThreadMXBean
instanceKlass javax/management/MBeanServer
instanceKlass javax/management/MBeanServerConnection
instanceKlass java/lang/management/OperatingSystemMXBean
instanceKlass java/lang/management/MemoryMXBean
instanceKlass java/lang/management/CompilationMXBean
instanceKlass java/lang/management/ClassLoadingMXBean
instanceKlass java/lang/management/RuntimeMXBean
instanceKlass java/lang/management/PlatformManagedObject
instanceKlass java/lang/management/ManagementFactory
instanceKlass io/netty/channel/DefaultChannelId
instanceKlass io/netty/channel/ChannelFlushPromiseNotifier$FlushCheckpoint
instanceKlass io/netty/channel/socket/nio/SelectorProviderUtil
instanceKlass io/netty/channel/FileRegion
instanceKlass io/netty/channel/ChannelMetadata
instanceKlass io/netty/channel/socket/SocketChannelConfig
instanceKlass io/netty/channel/socket/DuplexChannelConfig
instanceKlass io/netty/channel/ChannelConfig
instanceKlass io/netty/channel/AbstractChannel$AbstractUnsafe
instanceKlass io/netty/channel/nio/AbstractNioChannel$NioUnsafe
instanceKlass io/netty/channel/ChannelPipeline
instanceKlass io/netty/channel/ChannelInboundInvoker
instanceKlass io/netty/channel/ChannelId
instanceKlass io/netty/channel/Channel$Unsafe
instanceKlass io/netty/channel/socket/SocketChannel
instanceKlass io/netty/channel/socket/DuplexChannel
instanceKlass org/asynchttpclient/netty/request/NettyRequestSender$1$$Lambda$487
instanceKlass java/lang/invoke/LambdaForm$DMH
instanceKlass org/asynchttpclient/netty/channel/NettyChannelConnector
instanceKlass org/asynchttpclient/netty/channel/NettyConnectListener
instanceKlass org/asynchttpclient/netty/SimpleFutureListener
instanceKlass io/netty/util/internal/SocketUtils$9
instanceKlass java/util/Collections$3
instanceKlass io/netty/util/internal/SocketUtils
instanceKlass org/asynchttpclient/netty/timeout/TimeoutTimerTask
instanceKlass org/asynchttpclient/netty/channel/Channels
instanceKlass org/asynchttpclient/util/DateUtils
instanceKlass org/asynchttpclient/Realm
instanceKlass org/asynchttpclient/netty/timeout/TimeoutsHolder
instanceKlass org/asynchttpclient/netty/NettyResponseFuture
instanceKlass org/asynchttpclient/util/AuthenticatorUtils
instanceKlass org/asynchttpclient/netty/request/NettyRequest
instanceKlass io/netty/handler/codec/DecoderResult
instanceKlass io/netty/handler/codec/http/DefaultHttpObject
instanceKlass org/asynchttpclient/netty/request/body/NettyDirectBody
instanceKlass org/asynchttpclient/netty/request/body/NettyInputStreamBody
instanceKlass io/netty/handler/codec/http/HttpVersion
instanceKlass io/netty/handler/codec/http/HttpMethod$EnumNameMap$Node
instanceKlass io/netty/handler/codec/http/HttpMethod$EnumNameMap
instanceKlass io/netty/handler/codec/http/HttpMethod
instanceKlass org/asynchttpclient/util/ProxyUtils$1
instanceKlass org/asynchttpclient/util/StringBuilderPool$$Lambda$486
instanceKlass org/asynchttpclient/util/StringBuilderPool
instanceKlass org/asynchttpclient/ws/WebSocketUpgradeHandler
instanceKlass org/asynchttpclient/cookie/ThreadSafeCookieStore$DomainUtils
instanceKlass org/asynchttpclient/Response
instanceKlass org/asynchttpclient/Response$ResponseBuilder
instanceKlass org/asynchttpclient/AsyncCompletionHandler
instanceKlass org/asynchttpclient/handler/ProgressAsyncHandler
instanceKlass org/asynchttpclient/DefaultRequest
instanceKlass org/asynchttpclient/util/Utf8UrlEncoder
instanceKlass io/netty/handler/codec/http/HttpHeaderValues
instanceKlass org/asynchttpclient/util/HttpUtils
instanceKlass io/netty/handler/codec/HeadersUtils
instanceKlass io/netty/handler/codec/http/HttpHeaderNames
instanceKlass com/google/common/base/CommonPattern
instanceKlass com/google/common/base/Platform$JdkPatternCompiler
instanceKlass com/google/common/base/PatternCompiler
instanceKlass com/google/common/base/Platform
instanceKlass com/google/common/base/Strings
instanceKlass io/netty/handler/codec/http/HttpHeaderValidationUtil$BitSet128
instanceKlass io/netty/handler/codec/http/HttpHeaderValidationUtil
instanceKlass com/google/common/collect/AbstractMapBasedMultimap$KeySet$1
instanceKlass io/netty/handler/codec/DefaultHeaders$HeaderEntry
instanceKlass io/netty/handler/codec/http/DefaultHttpHeaders$HeaderValueValidator
instanceKlass io/netty/handler/codec/CharSequenceValueConverter
instanceKlass io/netty/handler/codec/http/DefaultHttpHeaders$1
instanceKlass io/netty/handler/codec/http/EmptyHttpHeaders$InstanceInitializer
instanceKlass io/netty/handler/codec/DefaultHeaders$ValueValidator
instanceKlass io/netty/handler/codec/DefaultHeaders$NameValidator
instanceKlass io/netty/handler/codec/DefaultHeaders
instanceKlass io/netty/handler/codec/Headers
instanceKlass io/netty/handler/codec/ValueConverter
instanceKlass io/netty/resolver/AddressResolver
instanceKlass io/netty/resolver/SimpleNameResolver
instanceKlass org/asynchttpclient/util/Assertions
instanceKlass org/asynchttpclient/uri/UriParser
instanceKlass org/asynchttpclient/request/body/generator/BodyGenerator
instanceKlass org/asynchttpclient/Request
instanceKlass io/netty/resolver/NameResolver
instanceKlass io/netty/handler/codec/http/HttpHeaders
instanceKlass org/asynchttpclient/channel/ChannelPoolPartitioning
instanceKlass org/asynchttpclient/RequestBuilderBase
instanceKlass org/openqa/selenium/remote/http/netty/NettyMessages
instanceKlass com/google/common/collect/CollectSpliterators$1$$Lambda$485
instanceKlass com/google/common/collect/CollectSpliterators$1
instanceKlass com/google/common/collect/AbstractMapBasedMultimap$$Lambda$484
instanceKlass com/google/common/collect/CollectSpliterators$FlatMapSpliterator$$Lambda$483
instanceKlass org/openqa/selenium/remote/http/HttpMessage$$Lambda$482
instanceKlass org/openqa/selenium/remote/http/HttpMessage$$Lambda$481
instanceKlass org/openqa/selenium/remote/http/HttpMessage$$Lambda$480
instanceKlass com/google/common/collect/CollectSpliterators$FlatMapSpliteratorOfObject$$Lambda$479
instanceKlass com/google/common/collect/CollectSpliterators$FlatMapSpliterator$Factory
instanceKlass java/lang/invoke/LambdaForm$DMH
instanceKlass com/google/common/collect/CollectSpliterators$FlatMapSpliterator
instanceKlass com/google/common/collect/CollectSpliterators
instanceKlass com/google/common/collect/AbstractMapBasedMultimap$$Lambda$478
instanceKlass org/openqa/selenium/remote/http/AddSeleniumUserAgent$$Lambda$477
instanceKlass org/openqa/selenium/remote/http/HttpMessage$$Lambda$476
instanceKlass org/openqa/selenium/remote/http/Contents$$Lambda$475
instanceKlass org/openqa/selenium/remote/http/Contents
instanceKlass com/google/common/collect/Platform
instanceKlass com/google/common/collect/Multiset
instanceKlass com/google/common/collect/ListMultimap
instanceKlass org/openqa/selenium/remote/ProtocolHandshake$$Lambda$474
instanceKlass org/openqa/selenium/remote/NewSessionPayload$$Lambda$473
instanceKlass org/openqa/selenium/remote/NewSessionPayload$$Lambda$472
instanceKlass java/util/function/Predicate$$Lambda$471
instanceKlass com/google/common/collect/CollectCollectors$$Lambda$470
instanceKlass com/google/common/collect/CollectCollectors$$Lambda$469
instanceKlass com/google/common/collect/CollectCollectors$$Lambda$468
instanceKlass com/google/common/collect/CollectCollectors$$Lambda$467
instanceKlass com/google/common/collect/CollectCollectors$$Lambda$466
instanceKlass com/google/common/collect/CollectCollectors$$Lambda$465
instanceKlass com/google/common/collect/CollectCollectors$$Lambda$464
instanceKlass com/google/common/collect/RangeGwtSerializationDependencies
instanceKlass com/google/common/base/Predicate
instanceKlass com/google/common/collect/CollectCollectors$$Lambda$463
instanceKlass com/google/common/collect/ImmutableRangeSet$Builder
instanceKlass com/google/common/collect/AbstractRangeSet
instanceKlass com/google/common/collect/RangeSet
instanceKlass com/google/common/collect/CollectCollectors$$Lambda$462
instanceKlass com/google/common/collect/CollectCollectors$$Lambda$461
instanceKlass com/google/common/collect/CollectCollectors$$Lambda$460
instanceKlass com/google/common/collect/CollectCollectors$$Lambda$459
instanceKlass com/google/common/collect/CollectCollectors$$Lambda$458
instanceKlass com/google/common/collect/CollectCollectors$$Lambda$457
instanceKlass com/google/common/collect/CollectCollectors$$Lambda$456
instanceKlass com/google/common/collect/CollectCollectors$$Lambda$455
instanceKlass com/google/common/collect/CollectCollectors
instanceKlass com/google/common/collect/SortedIterable
instanceKlass com/google/common/collect/Ordering
instanceKlass org/openqa/selenium/remote/NewSessionPayload$$Lambda$454
instanceKlass org/openqa/selenium/remote/NewSessionPayload$$Lambda$453
instanceKlass java/util/HashMap$HashMapSpliterator
instanceKlass com/google/common/collect/Sets
instanceKlass org/openqa/selenium/remote/NewSessionPayload$$Lambda$452
instanceKlass org/openqa/selenium/remote/NewSessionPayload$$Lambda$451
instanceKlass org/openqa/selenium/remote/NewSessionPayload$$Lambda$450
instanceKlass org/openqa/selenium/remote/NewSessionPayload$$Lambda$449
instanceKlass org/openqa/selenium/remote/NewSessionPayload$$Lambda$448
instanceKlass org/openqa/selenium/json/ObjectCoercer$1
instanceKlass org/openqa/selenium/json/ObjectCoercer$$Lambda$447
instanceKlass org/openqa/selenium/json/StringCoercer$1
instanceKlass org/openqa/selenium/json/StringCoercer$$Lambda$446
instanceKlass org/openqa/selenium/json/MapCoercer$$Lambda$445
instanceKlass org/openqa/selenium/json/MapCoercer$$Lambda$444
instanceKlass java/util/stream/ReduceOps$8ReducingSink
instanceKlass java/util/stream/Sink$OfLong
instanceKlass java/util/function/LongConsumer
instanceKlass java/util/stream/LongPipeline$$Lambda$443
instanceKlass java/util/function/LongBinaryOperator
instanceKlass java/lang/invoke/LambdaForm$DMH
instanceKlass java/util/stream/ReferencePipeline$$Lambda$442
instanceKlass java/util/function/ToLongFunction
instanceKlass org/openqa/selenium/json/StaticInitializerCoercer$$Lambda$441
instanceKlass org/openqa/selenium/json/StaticInitializerCoercer$$Lambda$440
instanceKlass org/openqa/selenium/json/StaticInitializerCoercer$$Lambda$439
instanceKlass org/openqa/selenium/json/CollectionCoercer$$Lambda$438
instanceKlass org/openqa/selenium/json/JsonInputIterator
instanceKlass org/openqa/selenium/json/JsonTypeCoercer$$Lambda$437
instanceKlass org/openqa/selenium/json/JsonTypeCoercer$$Lambda$436
instanceKlass org/openqa/selenium/json/JsonTypeCoercer$$Lambda$435
instanceKlass org/openqa/selenium/json/CollectionCoercer$$Lambda$434
instanceKlass org/openqa/selenium/json/JsonTypeCoercer$$Lambda$433
instanceKlass org/openqa/selenium/json/Types
instanceKlass org/openqa/selenium/json/JsonTypeCoercer$$Lambda$432
instanceKlass org/openqa/selenium/json/JsonTypeCoercer$$Lambda$431
instanceKlass org/openqa/selenium/json/JsonInput$1
instanceKlass org/openqa/selenium/json/Input
instanceKlass org/openqa/selenium/json/JsonInput
instanceKlass com/google/common/io/CharStreams
instanceKlass com/google/common/io/CharSource
instanceKlass com/google/common/hash/PrimitiveSink
instanceKlass com/google/common/io/ByteSource
instanceKlass org/openqa/selenium/json/JsonOutput$$Lambda$430
instanceKlass org/openqa/selenium/json/JsonOutput$$Lambda$429
instanceKlass java/util/function/UnaryOperator
instanceKlass java/lang/CharSequence$1CharIterator
instanceKlass org/openqa/selenium/json/JsonOutput$$Lambda$428
instanceKlass java/lang/CharSequence$$Lambda$427
instanceKlass org/openqa/selenium/json/JsonOutput$$Lambda$426
instanceKlass org/openqa/selenium/json/JsonOutput$$Lambda$425
instanceKlass org/openqa/selenium/json/JsonOutput$$Lambda$424
instanceKlass com/google/common/collect/AbstractMultimap
instanceKlass com/google/common/collect/SetMultimap
instanceKlass com/google/common/collect/Multimap
instanceKlass java/util/Collections$UnmodifiableMap$UnmodifiableEntrySet$$Lambda$423
instanceKlass org/openqa/selenium/json/JsonOutput$$Lambda$422
instanceKlass java/util/Collections$UnmodifiableMap$UnmodifiableEntrySet$UnmodifiableEntrySetSpliterator
instanceKlass org/openqa/selenium/json/JsonOutput$$Lambda$421
instanceKlass org/openqa/selenium/json/JsonOutput$$Lambda$420
instanceKlass org/openqa/selenium/json/JsonOutput$$Lambda$419
instanceKlass org/openqa/selenium/json/JsonOutput$$Lambda$418
instanceKlass org/openqa/selenium/json/JsonOutput$$Lambda$417
instanceKlass org/openqa/selenium/json/JsonOutput$$Lambda$416
instanceKlass org/openqa/selenium/json/JsonOutput$$Lambda$415
instanceKlass org/openqa/selenium/json/JsonOutput$$Lambda$414
instanceKlass org/openqa/selenium/json/JsonOutput$$Lambda$413
instanceKlass org/openqa/selenium/json/JsonOutput$$Lambda$412
instanceKlass org/openqa/selenium/json/JsonOutput$$Lambda$411
instanceKlass org/openqa/selenium/json/JsonOutput$$Lambda$410
instanceKlass org/openqa/selenium/json/JsonOutput$$Lambda$409
instanceKlass org/openqa/selenium/json/JsonOutput$$Lambda$408
instanceKlass org/openqa/selenium/json/JsonOutput$$Lambda$407
instanceKlass org/openqa/selenium/json/JsonOutput$$Lambda$406
instanceKlass org/openqa/selenium/json/JsonOutput$$Lambda$405
instanceKlass org/openqa/selenium/json/JsonOutput$$Lambda$404
instanceKlass org/openqa/selenium/json/JsonOutput$$Lambda$403
instanceKlass org/openqa/selenium/json/JsonOutput$$Lambda$402
instanceKlass org/openqa/selenium/json/JsonOutput$$Lambda$401
instanceKlass org/openqa/selenium/json/JsonOutput$$Lambda$400
instanceKlass org/openqa/selenium/json/JsonOutput$$Lambda$399
instanceKlass org/openqa/selenium/json/JsonOutput$$Lambda$398
instanceKlass org/openqa/selenium/json/JsonOutput$$Lambda$397
instanceKlass org/openqa/selenium/json/JsonOutput$$Lambda$396
instanceKlass org/openqa/selenium/json/JsonOutput$$Lambda$395
instanceKlass org/openqa/selenium/json/JsonOutput$$Lambda$394
instanceKlass org/openqa/selenium/json/JsonOutput$$Lambda$393
instanceKlass org/openqa/selenium/json/JsonOutput$$Lambda$392
instanceKlass org/openqa/selenium/json/JsonOutput$$Lambda$391
instanceKlass org/openqa/selenium/json/JsonOutput$$Lambda$390
instanceKlass org/openqa/selenium/json/JsonOutput$$Lambda$389
instanceKlass org/openqa/selenium/json/JsonOutput$$Lambda$388
instanceKlass org/openqa/selenium/json/JsonOutput$$Lambda$387
instanceKlass org/openqa/selenium/json/JsonOutput$$Lambda$386
instanceKlass org/openqa/selenium/json/JsonOutput$$Lambda$385
instanceKlass org/openqa/selenium/json/JsonOutput$$Lambda$384
instanceKlass org/openqa/selenium/json/JsonOutput$$Lambda$383
instanceKlass org/openqa/selenium/json/JsonOutput$$Lambda$382
instanceKlass org/openqa/selenium/json/JsonOutput$SafeBiConsumer
instanceKlass org/openqa/selenium/json/JsonOutput$$Lambda$381
instanceKlass org/openqa/selenium/json/JsonOutput$Node
instanceKlass org/openqa/selenium/json/JsonOutput$$Lambda$380
instanceKlass org/openqa/selenium/json/JsonOutput$$Lambda$379
instanceKlass com/google/gson/JsonElement
instanceKlass org/openqa/selenium/json/JsonOutput
instanceKlass org/openqa/selenium/json/JsonTypeCoercer$$Lambda$378
instanceKlass org/openqa/selenium/json/JsonTypeCoercer$$Lambda$377
instanceKlass org/openqa/selenium/json/JsonTypeCoercer$$Lambda$376
instanceKlass org/openqa/selenium/json/JsonTypeCoercer$$Lambda$375
instanceKlass org/openqa/selenium/json/JsonTypeCoercer$$Lambda$374
instanceKlass org/openqa/selenium/json/JsonTypeCoercer$$Lambda$373
instanceKlass org/openqa/selenium/json/JsonTypeCoercer$$Lambda$372
instanceKlass org/openqa/selenium/json/JsonTypeCoercer$$Lambda$371
instanceKlass org/openqa/selenium/json/JsonTypeCoercer$$Lambda$370
instanceKlass org/openqa/selenium/json/JsonTypeCoercer$$Lambda$369
instanceKlass org/openqa/selenium/json/JsonTypeCoercer$$Lambda$368
instanceKlass java/lang/invoke/LambdaForm$DMH
instanceKlass org/openqa/selenium/json/JsonTypeCoercer$$Lambda$367
instanceKlass org/openqa/selenium/json/JsonTypeCoercer$$Lambda$366
instanceKlass java/lang/invoke/LambdaForm$DMH
instanceKlass org/openqa/selenium/json/JsonTypeCoercer$$Lambda$365
instanceKlass java/lang/invoke/LambdaForm$DMH
instanceKlass org/openqa/selenium/json/JsonTypeCoercer$$Lambda$364
instanceKlass org/openqa/selenium/json/JsonTypeCoercer$$Lambda$363
instanceKlass org/openqa/selenium/json/TypeCoercer
instanceKlass org/openqa/selenium/json/JsonTypeCoercer
instanceKlass org/openqa/selenium/json/TypeToken
instanceKlass org/openqa/selenium/json/Json
instanceKlass org/openqa/selenium/remote/NewSessionPayload$$Lambda$362
instanceKlass org/openqa/selenium/remote/CommandCodec
instanceKlass org/openqa/selenium/remote/ResponseCodec
instanceKlass org/openqa/selenium/remote/NewSessionPayload
instanceKlass org/openqa/selenium/remote/ProtocolHandshake
instanceKlass org/openqa/selenium/remote/service/DriverService$1
instanceKlass sun/net/www/http/KeepAliveEntry
instanceKlass sun/net/www/http/KeepAliveCache$1
instanceKlass sun/net/www/http/KeepAliveStreamCleaner$2
instanceKlass sun/net/www/http/KeepAliveStreamCleaner$1
instanceKlass sun/net/www/http/Hurryable
instanceKlass sun/net/www/protocol/http/AuthCacheImpl
instanceKlass sun/net/www/protocol/http/AuthCache
instanceKlass sun/net/www/protocol/http/AuthCacheValue
instanceKlass sun/net/DefaultProgressMeteringPolicy
instanceKlass sun/net/ProgressMeteringPolicy
instanceKlass sun/net/ProgressMonitor
instanceKlass sun/net/www/http/HttpCapture$1
instanceKlass sun/net/www/http/HttpCapture
instanceKlass sun/net/www/http/KeepAliveKey
instanceKlass sun/net/NetworkClient$1
instanceKlass sun/net/NetworkClient
instanceKlass sun/net/www/protocol/http/HttpURLConnection$7
instanceKlass java/net/ResponseCache
instanceKlass sun/net/www/protocol/http/HttpURLConnection$3
instanceKlass java/net/CookieHandler
instanceKlass sun/net/www/protocol/http/HttpURLConnection$2
instanceKlass java/util/logging/Logger$1
instanceKlass sun/net/www/protocol/http/HttpURLConnection$$Lambda$361
instanceKlass sun/security/action/GetIntegerAction
instanceKlass java/util/concurrent/FutureTask$WaitNode
instanceKlass java/util/concurrent/FutureTask
instanceKlass org/openqa/selenium/net/UrlChecker$$Lambda$360
instanceKlass java/util/concurrent/SynchronousQueue$TransferStack$SNode
instanceKlass java/util/concurrent/SynchronousQueue$Transferer
instanceKlass org/openqa/selenium/net/UrlChecker$$Lambda$359
instanceKlass java/util/concurrent/ForkJoinPool$ManagedBlocker
instanceKlass org/openqa/selenium/net/UrlChecker
instanceKlass org/openqa/selenium/remote/service/DriverService$$Lambda$358
instanceKlass java/util/concurrent/CompletableFuture$AsynchronousCompletionTask
instanceKlass java/util/concurrent/CompletableFuture$AltResult
instanceKlass java/util/concurrent/CompletableFuture
instanceKlass java/util/concurrent/CompletionStage
instanceKlass org/openqa/selenium/remote/service/DriverService$$Lambda$357
instanceKlass org/apache/commons/exec/StreamPumper
instanceKlass java/lang/ProcessImpl$2
instanceKlass java/lang/Process
instanceKlass java/lang/ProcessBuilder
instanceKlass org/apache/commons/exec/environment/DefaultProcessingEnvironment
instanceKlass org/apache/commons/exec/environment/EnvironmentUtils
instanceKlass org/apache/commons/exec/DefaultExecutor$1
instanceKlass org/apache/commons/exec/CommandLine$Argument
instanceKlass org/apache/commons/exec/util/StringUtils
instanceKlass org/apache/commons/exec/CommandLine
instanceKlass org/apache/commons/exec/OS
instanceKlass org/apache/commons/exec/launcher/CommandLauncherImpl
instanceKlass org/apache/commons/exec/launcher/CommandLauncher
instanceKlass org/apache/commons/exec/launcher/CommandLauncherFactory
instanceKlass org/apache/commons/exec/PumpStreamHandler
instanceKlass org/apache/commons/exec/DefaultExecutor
instanceKlass org/apache/commons/exec/DefaultExecuteResultHandler
instanceKlass org/apache/commons/exec/ExecuteResultHandler
instanceKlass org/apache/commons/exec/ExecuteStreamHandler
instanceKlass org/apache/commons/exec/ExecuteWatchdog
instanceKlass org/apache/commons/exec/TimeoutObserver
instanceKlass org/apache/commons/exec/Executor
instanceKlass org/openqa/selenium/os/OsProcess
instanceKlass org/openqa/selenium/os/CommandLine
instanceKlass org/openqa/selenium/remote/Command
instanceKlass org/openqa/selenium/remote/CommandPayload
instanceKlass org/openqa/selenium/remote/DriverCommand
instanceKlass java/util/function/Predicate$$Lambda$356
instanceKlass java/util/regex/Pattern$$Lambda$355
instanceKlass org/openqa/selenium/AcceptedW3CCapabilityKeys$$Lambda$354
instanceKlass org/openqa/selenium/AcceptedW3CCapabilityKeys$$Lambda$353
instanceKlass org/openqa/selenium/AcceptedW3CCapabilityKeys$$Lambda$352
instanceKlass org/openqa/selenium/AcceptedW3CCapabilityKeys$$Lambda$351
instanceKlass org/openqa/selenium/AcceptedW3CCapabilityKeys
instanceKlass org/openqa/selenium/remote/RemoteWebDriver$$Lambda$350
instanceKlass java/util/TreeMap$TreeMapSpliterator
instanceKlass java/util/stream/StreamSpliterators$WrappingSpliterator$$Lambda$349
instanceKlass java/lang/invoke/LambdaForm$DMH
instanceKlass java/util/stream/Streams$2
instanceKlass java/util/stream/Streams
instanceKlass java/util/stream/StreamSpliterators$AbstractWrappingSpliterator
instanceKlass java/util/stream/AbstractPipeline$$Lambda$348
instanceKlass java/util/stream/Streams$ConcatSpliterator
instanceKlass org/openqa/selenium/chromium/ChromiumOptions$$Lambda$347
instanceKlass org/openqa/selenium/chromium/ChromiumOptions$$Lambda$346
instanceKlass java/lang/invoke/LambdaForm$DMH
instanceKlass org/openqa/selenium/remote/AbstractDriverOptions$$Lambda$345
instanceKlass org/openqa/selenium/remote/RemoteLogs
instanceKlass org/openqa/selenium/remote/RemoteExecuteMethod
instanceKlass org/openqa/selenium/WrapsDriver
instanceKlass org/openqa/selenium/remote/JsonToWebElementConverter
instanceKlass java/util/logging/ErrorManager
instanceKlass org/openqa/selenium/remote/UselessFileDetector
instanceKlass org/openqa/selenium/remote/ErrorCodes$$Lambda$344
instanceKlass com/google/common/math/IntMath$1
instanceKlass com/google/common/math/MathPreconditions
instanceKlass com/google/common/math/IntMath
instanceKlass org/openqa/selenium/remote/ErrorCodes$KnownError
instanceKlass org/openqa/selenium/remote/ErrorCodes
instanceKlass org/openqa/selenium/remote/ErrorHandler
instanceKlass org/openqa/selenium/WebElement
instanceKlass org/openqa/selenium/By$Remotable$Parameters
instanceKlass org/openqa/selenium/internal/Require$ArgumentChecker
instanceKlass org/openqa/selenium/By$Remotable
instanceKlass org/openqa/selenium/By
instanceKlass org/openqa/selenium/remote/ElementLocation
instanceKlass org/openqa/selenium/remote/service/DriverCommandExecutor$$Lambda$343
instanceKlass org/openqa/selenium/remote/http/netty/NettyWebSocket$$Lambda$342
instanceKlass org/openqa/selenium/remote/http/WebSocket$Listener
instanceKlass org/openqa/selenium/remote/http/netty/NettyWebSocket$$Lambda$341
instanceKlass org/asynchttpclient/ws/WebSocketListener
instanceKlass org/openqa/selenium/remote/http/Message
instanceKlass org/openqa/selenium/remote/http/netty/NettyWebSocket
instanceKlass org/openqa/selenium/remote/http/WebSocket
instanceKlass org/openqa/selenium/remote/http/Filter$$Lambda$340
instanceKlass org/openqa/selenium/remote/http/netty/NettyHttpHandler$$Lambda$339
instanceKlass org/openqa/selenium/remote/http/HttpMessage
instanceKlass org/openqa/selenium/remote/http/RemoteCall
instanceKlass org/asynchttpclient/cookie/CookieEvictionTask
instanceKlass io/netty/channel/ChannelOutboundHandler
instanceKlass io/netty/handler/codec/http/cookie/CookieDecoder
instanceKlass org/asynchttpclient/netty/handler/intercept/ResponseFiltersInterceptor
instanceKlass org/asynchttpclient/netty/handler/intercept/ConnectSuccessInterceptor
instanceKlass org/asynchttpclient/util/ThrowableUtil
instanceKlass io/netty/util/AsciiString$2
instanceKlass io/netty/util/AsciiString$1
instanceKlass io/netty/util/internal/MathUtil
instanceKlass io/netty/util/AsciiString$CharEqualityComparator
instanceKlass io/netty/util/HashingStrategy
instanceKlass io/netty/handler/codec/http/HttpResponseStatus
instanceKlass org/asynchttpclient/util/HttpConstants$ResponseStatusCodes
instanceKlass org/asynchttpclient/netty/handler/intercept/Redirect30xInterceptor
instanceKlass org/asynchttpclient/netty/handler/intercept/Continue100Interceptor
instanceKlass org/asynchttpclient/netty/handler/intercept/ProxyUnauthorized407Interceptor
instanceKlass org/asynchttpclient/netty/handler/intercept/Unauthorized401Interceptor
instanceKlass org/asynchttpclient/netty/handler/intercept/Interceptors
instanceKlass org/reactivestreams/Publisher
instanceKlass org/asynchttpclient/HttpResponseStatus
instanceKlass io/netty/handler/codec/http/cookie/ClientCookieEncoder$1
instanceKlass io/netty/handler/codec/http/cookie/Cookie
instanceKlass io/netty/handler/codec/http/cookie/CookieEncoder
instanceKlass io/netty/handler/codec/http/HttpRequest
instanceKlass org/asynchttpclient/netty/request/body/NettyBody
instanceKlass org/asynchttpclient/netty/request/NettyRequestFactory
instanceKlass org/asynchttpclient/netty/channel/NoopConnectionSemaphore
instanceKlass org/asynchttpclient/netty/channel/ConnectionSemaphore
instanceKlass org/asynchttpclient/netty/channel/DefaultConnectionSemaphoreFactory
instanceKlass org/asynchttpclient/netty/channel/ConnectionSemaphoreFactory
instanceKlass org/asynchttpclient/AsyncHttpClientState
instanceKlass org/asynchttpclient/netty/request/NettyRequestSender
instanceKlass io/netty/buffer/ByteBufUtil$2
instanceKlass io/netty/buffer/PooledByteBufAllocatorMetric
instanceKlass io/netty/buffer/PoolChunkList
instanceKlass io/netty/buffer/PoolChunkListMetric
instanceKlass io/netty/buffer/PoolSubpage
instanceKlass io/netty/buffer/PoolSubpageMetric
instanceKlass java/util/concurrent/atomic/Striped64$Cell
instanceKlass io/netty/buffer/PoolThreadCache
instanceKlass io/netty/buffer/SizeClasses
instanceKlass io/netty/buffer/PoolArenaMetric
instanceKlass io/netty/buffer/SizeClassesMetric
instanceKlass io/netty/buffer/PooledByteBufAllocator$1
instanceKlass io/netty/buffer/ByteBufAllocatorMetric
instanceKlass io/netty/buffer/AbstractByteBufAllocator
instanceKlass io/netty/buffer/ByteBufAllocatorMetricProvider
instanceKlass io/netty/util/CharsetUtil
instanceKlass io/netty/buffer/ByteBuf
instanceKlass io/netty/buffer/ByteBufConvertible
instanceKlass io/netty/util/ByteProcessor
instanceKlass io/netty/buffer/ByteBufUtil
instanceKlass io/netty/buffer/ByteBufAllocator
instanceKlass io/netty/bootstrap/AbstractBootstrapConfig
instanceKlass io/netty/resolver/AddressResolverGroup
instanceKlass io/netty/bootstrap/AbstractBootstrap
instanceKlass io/netty/util/concurrent/MultithreadEventExecutorGroup$1
instanceKlass io/netty/util/concurrent/DefaultEventExecutorChooserFactory$PowerOfTwoEventExecutorChooser
instanceKlass io/netty/channel/nio/NioEventLoop$SelectorTuple
instanceKlass io/netty/channel/nio/NioEventLoop$4
instanceKlass io/netty/channel/nio/NioEventLoop$3
instanceKlass sun/nio/ch/OptionKey
instanceKlass sun/nio/ch/SocketOptionRegistry$LazyInitialization
instanceKlass sun/nio/ch/SocketOptionRegistry$RegistryKey
instanceKlass sun/nio/ch/SocketOptionRegistry
instanceKlass jdk/net/SocketFlow
instanceKlass sun/net/ExtendedOptionsImpl$$Lambda$338
instanceKlass sun/net/ExtendedOptionsImpl
instanceKlass sun/nio/ch/ExtendedSocketOption$1
instanceKlass sun/nio/ch/ExtendedSocketOption
instanceKlass sun/nio/ch/SocketChannelImpl$DefaultOptionsHolder
instanceKlass java/net/StandardSocketOptions$StdSocketOption
instanceKlass java/net/SocketOption
instanceKlass java/net/StandardSocketOptions
instanceKlass sun/nio/ch/Net$3
instanceKlass sun/nio/ch/Net$4
instanceKlass sun/nio/ch/Net$1
instanceKlass java/net/ProtocolFamily
instanceKlass sun/nio/ch/Net
instanceKlass sun/nio/ch/SelChImpl
instanceKlass java/nio/channels/NetworkChannel
instanceKlass sun/nio/ch/PipeImpl$Initializer$LoopbackConnector
instanceKlass sun/nio/ch/PipeImpl$Initializer
instanceKlass java/nio/channels/Pipe
instanceKlass sun/nio/ch/NativeObject
instanceKlass sun/nio/ch/PollArrayWrapper
instanceKlass sun/nio/ch/WindowsSelectorImpl$FinishLock
instanceKlass sun/nio/ch/WindowsSelectorImpl$StartLock
instanceKlass sun/nio/ch/WindowsSelectorImpl$SubSelector
instanceKlass java/nio/channels/SelectionKey
instanceKlass sun/nio/ch/Util$3
instanceKlass io/netty/channel/nio/NioEventLoop$1
instanceKlass io/netty/util/internal/ThreadExecutorMap$1
instanceKlass io/netty/channel/DefaultSelectStrategy
instanceKlass io/netty/channel/SelectStrategy
instanceKlass io/netty/util/concurrent/SingleThreadEventExecutor$1
instanceKlass java/nio/channels/Selector
instanceKlass io/netty/util/IntSupplier
instanceKlass io/netty/channel/ChannelPromise
instanceKlass io/netty/channel/ChannelFuture
instanceKlass io/netty/util/concurrent/ThreadProperties
instanceKlass io/netty/util/concurrent/EventExecutorChooserFactory$EventExecutorChooser
instanceKlass io/netty/util/concurrent/DefaultEventExecutorChooserFactory
instanceKlass io/netty/util/concurrent/ThreadPerTaskExecutor
instanceKlass io/netty/util/concurrent/RejectedExecutionHandlers$1
instanceKlass io/netty/util/concurrent/RejectedExecutionHandler
instanceKlass io/netty/util/concurrent/RejectedExecutionHandlers
instanceKlass io/netty/channel/DefaultSelectStrategyFactory
instanceKlass io/netty/channel/SelectStrategyFactory
instanceKlass sun/nio/ch/DefaultSelectorProvider
instanceKlass java/nio/channels/spi/SelectorProvider$1
instanceKlass java/nio/channels/spi/SelectorProvider
instanceKlass io/netty/util/NettyRuntime$AvailableProcessorsHolder
instanceKlass io/netty/util/NettyRuntime
instanceKlass io/netty/channel/EventLoop
instanceKlass io/netty/util/concurrent/EventExecutorChooserFactory
instanceKlass io/netty/util/concurrent/FutureListener
instanceKlass io/netty/util/concurrent/AbstractEventExecutorGroup
instanceKlass io/netty/channel/Channel
instanceKlass io/netty/channel/ChannelOutboundInvoker
instanceKlass io/netty/channel/EventLoopGroup
instanceKlass io/netty/channel/group/VoidChannelGroupFuture
instanceKlass io/netty/channel/group/DefaultChannelGroup$1
instanceKlass io/netty/util/internal/ThreadExecutorMap$3
instanceKlass io/netty/util/internal/ThreadExecutorMap
instanceKlass io/netty/util/concurrent/GlobalEventExecutor$TaskRunner
instanceKlass java/util/concurrent/Executors$RunnableAdapter
instanceKlass java/util/concurrent/Callable
instanceKlass io/netty/util/concurrent/GlobalEventExecutor$1
instanceKlass io/netty/util/concurrent/PromiseTask$SentinelRunnable
instanceKlass io/netty/util/internal/ThrowableUtil
instanceKlass io/netty/util/concurrent/DefaultFutureListeners
instanceKlass io/netty/util/concurrent/DefaultPromise$CauseHolder
instanceKlass io/netty/util/concurrent/AbstractFuture
instanceKlass io/netty/util/internal/PriorityQueueNode
instanceKlass io/netty/util/concurrent/AbstractScheduledEventExecutor$2
instanceKlass io/netty/util/concurrent/AbstractScheduledEventExecutor$1
instanceKlass io/netty/util/internal/PriorityQueue
instanceKlass io/netty/util/concurrent/ScheduledFuture
instanceKlass java/util/concurrent/RunnableFuture
instanceKlass io/netty/util/concurrent/ProgressivePromise
instanceKlass io/netty/util/concurrent/ProgressiveFuture
instanceKlass io/netty/util/concurrent/Promise
instanceKlass java/util/concurrent/ScheduledFuture
instanceKlass java/util/concurrent/Delayed
instanceKlass io/netty/util/concurrent/OrderedEventExecutor
instanceKlass io/netty/channel/group/ChannelGroupFuture
instanceKlass io/netty/channel/ChannelFutureListener
instanceKlass io/netty/util/concurrent/GenericFutureListener
instanceKlass java/util/EventListener
instanceKlass io/netty/util/internal/shaded/org/jctools/queues/LinkedArrayQueueUtil
instanceKlass io/netty/util/HashedWheelTimer$HashedWheelTimeout
instanceKlass org/asynchttpclient/netty/channel/DefaultChannelPool$IdleChannelDetector
instanceKlass io/netty/util/ConstantPool
instanceKlass io/netty/util/AbstractConstant
instanceKlass io/netty/util/Constant
instanceKlass org/asynchttpclient/netty/channel/DefaultChannelPool
instanceKlass io/netty/util/Attribute
instanceKlass io/netty/util/DefaultAttributeMap
instanceKlass io/netty/handler/ssl/JdkDefaultApplicationProtocolNegotiator$1
instanceKlass io/netty/handler/ssl/JdkApplicationProtocolNegotiator$SslEngineWrapperFactory
instanceKlass io/netty/handler/ssl/JdkDefaultApplicationProtocolNegotiator
instanceKlass io/netty/handler/ssl/SslUtils
instanceKlass javax/net/ssl/SSLParameters
instanceKlass sun/security/ssl/EngineWriter
instanceKlass sun/security/ssl/Record
instanceKlass sun/security/ssl/Authenticator
instanceKlass sun/security/ssl/CipherBox
instanceKlass sun/security/ssl/Utilities
instanceKlass sun/security/mscapi/SunMSCAPI$1
instanceKlass sun/security/smartcardio/SunPCSC$1
instanceKlass org/jcp/xml/dsig/internal/dom/XMLDSigRI$1
instanceKlass com/sun/security/sasl/Provider$1
instanceKlass sun/security/jgss/SunProvider$1
instanceKlass com/sun/crypto/provider/SunJCE$1
instanceKlass sun/security/ssl/SignatureAndHashAlgorithm
instanceKlass sun/security/ssl/SessionId
instanceKlass javax/net/ssl/ExtendedSSLSession
instanceKlass javax/net/ssl/SSLEngine
instanceKlass io/netty/handler/ssl/JdkSslContext$Defaults
instanceKlass io/netty/handler/ssl/JdkApplicationProtocolNegotiator
instanceKlass io/netty/handler/ssl/ApplicationProtocolNegotiator
instanceKlass io/netty/handler/ssl/SslContext$1
instanceKlass io/netty/util/ReferenceCounted
instanceKlass io/netty/util/AttributeMap
instanceKlass io/netty/handler/ssl/SslContext
instanceKlass io/netty/handler/ssl/util/InsecureTrustManagerFactory$1
instanceKlass io/netty/util/internal/UnpaddedInternalThreadLocalMap
instanceKlass io/netty/util/concurrent/FastThreadLocal
instanceKlass org/asynchttpclient/util/MiscUtils
instanceKlass io/netty/handler/ssl/IdentityCipherSuiteFilter
instanceKlass io/netty/handler/ssl/SslContextBuilder
instanceKlass io/netty/handler/ssl/CipherSuiteFilter
instanceKlass org/asynchttpclient/netty/ssl/SslEngineFactoryBase
instanceKlass io/netty/util/concurrent/Future
instanceKlass org/asynchttpclient/netty/OnLastHttpContentCallback
instanceKlass io/netty/channel/ChannelHandlerAdapter
instanceKlass io/netty/channel/ChannelInboundHandler
instanceKlass io/netty/channel/ChannelHandler
instanceKlass org/asynchttpclient/netty/channel/TransportFactory
instanceKlass io/netty/channel/ChannelFactory
instanceKlass io/netty/bootstrap/ChannelFactory
instanceKlass io/netty/channel/group/ChannelGroup
instanceKlass io/netty/util/concurrent/EventExecutor
instanceKlass io/netty/util/concurrent/EventExecutorGroup
instanceKlass java/util/concurrent/ScheduledExecutorService
instanceKlass org/asynchttpclient/channel/ChannelPool
instanceKlass org/asynchttpclient/SslEngineFactory
instanceKlass org/asynchttpclient/netty/channel/ChannelManager
instanceKlass java/util/concurrent/locks/LockSupport
instanceKlass io/netty/util/concurrent/FastThreadLocalRunnable
instanceKlass io/netty/util/internal/shaded/org/jctools/util/UnsafeRefArrayAccess
instanceKlass io/netty/util/internal/shaded/org/jctools/util/Pow2
instanceKlass io/netty/util/internal/shaded/org/jctools/util/RangeUtil
instanceKlass io/netty/util/internal/shaded/org/jctools/util/UnsafeAccess
instanceKlass io/netty/util/internal/PlatformDependent$Mpsc$1
instanceKlass io/netty/util/internal/PlatformDependent$Mpsc
instanceKlass io/netty/util/internal/PlatformDependent$4
instanceKlass io/netty/util/internal/CleanerJava6$1
instanceKlass io/netty/util/internal/CleanerJava6
instanceKlass io/netty/util/internal/PlatformDependent$2
instanceKlass io/netty/util/internal/PlatformDependent$1
instanceKlass sun/misc/VMNotification
instanceKlass io/netty/util/internal/PlatformDependent0$6
instanceKlass io/netty/util/internal/PlatformDependent0$5
instanceKlass io/netty/util/internal/PlatformDependent0$4
instanceKlass io/netty/util/internal/PlatformDependent0$3
instanceKlass io/netty/util/internal/PlatformDependent0$2
instanceKlass io/netty/util/internal/ReflectionUtil
instanceKlass io/netty/util/internal/PlatformDependent0$1
instanceKlass io/netty/util/internal/PlatformDependent0
instanceKlass io/netty/util/internal/LongCounter
instanceKlass io/netty/util/internal/shaded/org/jctools/queues/SupportsIterator
instanceKlass io/netty/util/internal/shaded/org/jctools/queues/QueueProgressIndicators
instanceKlass io/netty/util/internal/shaded/org/jctools/queues/IndexedQueueSizeUtil$IndexedQueue
instanceKlass io/netty/util/internal/shaded/org/jctools/queues/MessagePassingQueue
instanceKlass io/netty/util/internal/PlatformDependent$ThreadLocalRandomProvider
instanceKlass io/netty/util/internal/Cleaner
instanceKlass io/netty/util/internal/PlatformDependent
instanceKlass io/netty/util/concurrent/ImmediateExecutor
instanceKlass java/util/concurrent/CountDownLatch
instanceKlass io/netty/util/HashedWheelTimer$HashedWheelBucket
instanceKlass io/netty/util/HashedWheelTimer$Worker
instanceKlass java/util/concurrent/atomic/AtomicIntegerFieldUpdater$AtomicIntegerFieldUpdaterImpl$1
instanceKlass java/util/concurrent/atomic/AtomicIntegerFieldUpdater
instanceKlass io/netty/util/internal/StringUtil
instanceKlass javax/security/cert/Certificate
instanceKlass io/netty/util/AsciiString
instanceKlass io/netty/util/internal/EmptyArrays
instanceKlass io/netty/util/ResourceLeakTracker
instanceKlass io/netty/util/ResourceLeak
instanceKlass io/netty/util/ResourceLeakDetector
instanceKlass io/netty/util/internal/SystemPropertyUtil
instanceKlass io/netty/util/ResourceLeakDetectorFactory
instanceKlass io/netty/util/internal/logging/Slf4JLoggerFactory$NopInstanceHolder
instanceKlass io/netty/util/internal/logging/AbstractInternalLogger
instanceKlass io/netty/util/internal/logging/InternalLogger
instanceKlass io/netty/util/internal/logging/InternalLoggerFactory
instanceKlass io/netty/util/Timeout
instanceKlass io/netty/util/HashedWheelTimer
instanceKlass org/asynchttpclient/util/ProxyUtils$$Lambda$337
instanceKlass org/asynchttpclient/proxy/ProxyServerSelector
instanceKlass org/asynchttpclient/proxy/ProxyServer
instanceKlass org/asynchttpclient/uri/Uri
instanceKlass org/asynchttpclient/util/ProxyUtils
instanceKlass org/asynchttpclient/DefaultAsyncHttpClientConfig
instanceKlass org/asynchttpclient/AsyncHandler
instanceKlass org/asynchttpclient/ListenableFuture
instanceKlass io/netty/util/TimerTask
instanceKlass org/asynchttpclient/DefaultAsyncHttpClient
instanceKlass org/asynchttpclient/AsyncHttpClientConfig
instanceKlass org/asynchttpclient/AsyncHttpClient
instanceKlass org/asynchttpclient/Dsl
instanceKlass io/netty/util/internal/ObjectUtil
instanceKlass io/netty/util/concurrent/DefaultThreadFactory
instanceKlass org/asynchttpclient/HttpResponseBodyPart
instanceKlass org/asynchttpclient/cookie/ThreadSafeCookieStore
instanceKlass io/netty/handler/codec/http/HttpMessage
instanceKlass io/netty/handler/codec/http/HttpObject
instanceKlass io/netty/handler/codec/DecoderResultProvider
instanceKlass org/asynchttpclient/channel/DefaultKeepAliveStrategy
instanceKlass org/asynchttpclient/config/AsyncHttpClientConfigHelper$Config$$Lambda$336
instanceKlass org/asynchttpclient/config/AsyncHttpClientConfigHelper$Config
instanceKlass org/asynchttpclient/config/AsyncHttpClientConfigHelper
instanceKlass org/asynchttpclient/config/AsyncHttpClientConfigDefaults
instanceKlass org/asynchttpclient/cookie/CookieStore
instanceKlass org/asynchttpclient/util/Counted
instanceKlass org/asynchttpclient/channel/KeepAliveStrategy
instanceKlass org/asynchttpclient/DefaultAsyncHttpClientConfig$Builder
instanceKlass io/netty/util/Timer
instanceKlass org/openqa/selenium/remote/http/netty/NettyClient
instanceKlass org/openqa/selenium/logging/LocalLogs
instanceKlass org/openqa/selenium/remote/http/HttpClientName
instanceKlass org/openqa/selenium/remote/http/HttpClient
instanceKlass org/openqa/selenium/remote/http/netty/NettyClient$Factory
instanceKlass java/util/concurrent/ForkJoinPool$1
instanceKlass java/util/concurrent/ForkJoinPool$DefaultForkJoinWorkerThreadFactory
instanceKlass java/util/concurrent/ForkJoinPool$WorkQueue
instanceKlass java/util/concurrent/ForkJoinPool$ForkJoinWorkerThreadFactory
instanceKlass java/util/concurrent/ForkJoinTask
instanceKlass java/util/stream/Collectors$$Lambda$335
instanceKlass java/util/stream/Collectors$$Lambda$334
instanceKlass java/util/stream/Collectors$$Lambda$333
instanceKlass org/openqa/selenium/remote/http/HttpClient$Factory$$Lambda$332
instanceKlass org/openqa/selenium/remote/http/HttpClient$Factory$$Lambda$331
instanceKlass org/openqa/selenium/remote/HttpCommandExecutor$DefaultClientFactoryHolder
instanceKlass org/openqa/selenium/chromium/AddHasLaunchApp
instanceKlass org/openqa/selenium/chromium/AddHasPermissions
instanceKlass org/openqa/selenium/chromium/AddHasNetworkConditions
instanceKlass com/google/common/collect/SortedMapDifference
instanceKlass com/google/common/collect/MapDifference
instanceKlass com/google/common/base/Converter
instanceKlass com/google/common/collect/Maps$EntryTransformer
instanceKlass com/google/common/base/Function
instanceKlass com/google/common/collect/Maps
instanceKlass org/openqa/selenium/chromium/AddHasCdp
instanceKlass com/google/common/collect/PeekingIterator
instanceKlass com/google/common/collect/Iterators
instanceKlass com/google/common/collect/ImmutableSet$SetBuilderImpl
instanceKlass org/openqa/selenium/remote/CommandInfo
instanceKlass org/openqa/selenium/chromium/AddHasCasting
instanceKlass org/openqa/selenium/remote/AdditionalHttpCommands
instanceKlass org/openqa/selenium/remote/AugmenterProvider
instanceKlass org/openqa/selenium/logging/LogEntry
instanceKlass org/openqa/selenium/remote/HttpCommandExecutor
instanceKlass org/openqa/selenium/logging/NeedsLocalLogs
instanceKlass org/openqa/selenium/internal/Require$FileStateChecker
instanceKlass org/openqa/selenium/internal/Require$StateChecker
instanceKlass org/openqa/selenium/os/ExecutableFinder
instanceKlass org/openqa/selenium/remote/service/DriverFinder
instanceKlass org/openqa/selenium/BuildInfo
instanceKlass org/openqa/selenium/remote/http/AddSeleniumUserAgent
instanceKlass org/openqa/selenium/remote/http/RetryRequest$$Lambda$330
instanceKlass org/openqa/selenium/remote/http/RetryRequest$$Lambda$329
instanceKlass org/openqa/selenium/remote/http/RetryRequest$$Lambda$328
instanceKlass dev/failsafe/FailurePolicyBuilder$$Lambda$327
instanceKlass org/openqa/selenium/remote/http/RetryRequest$$Lambda$326
instanceKlass org/openqa/selenium/remote/http/RetryRequest$$Lambda$325
instanceKlass org/openqa/selenium/remote/http/RetryRequest$$Lambda$324
instanceKlass dev/failsafe/FailurePolicyBuilder$$Lambda$323
instanceKlass dev/failsafe/internal/RetryPolicyImpl
instanceKlass dev/failsafe/spi/DelayablePolicy
instanceKlass org/openqa/selenium/remote/http/RetryRequest$$Lambda$322
instanceKlass org/openqa/selenium/remote/http/RetryRequest$$Lambda$321
instanceKlass dev/failsafe/event/EventListener
instanceKlass java/lang/invoke/LambdaForm$DMH
instanceKlass dev/failsafe/event/ExecutionEvent
instanceKlass dev/failsafe/FailurePolicyBuilder$$Lambda$320
instanceKlass dev/failsafe/function/CheckedBiPredicate
instanceKlass org/openqa/selenium/remote/http/RetryRequest$$Lambda$319
instanceKlass dev/failsafe/function/CheckedPredicate
instanceKlass dev/failsafe/RetryPolicy
instanceKlass dev/failsafe/Functions$$Lambda$318
instanceKlass dev/failsafe/function/CheckedFunction
instanceKlass dev/failsafe/ExecutionContext
instanceKlass dev/failsafe/Functions
instanceKlass dev/failsafe/internal/util/Assert
instanceKlass dev/failsafe/PolicyBuilder
instanceKlass dev/failsafe/PolicyListeners
instanceKlass dev/failsafe/internal/FallbackImpl$$Lambda$317
instanceKlass dev/failsafe/spi/PolicyExecutor
instanceKlass dev/failsafe/internal/FallbackImpl
instanceKlass dev/failsafe/spi/FailurePolicy
instanceKlass dev/failsafe/PolicyConfig
instanceKlass dev/failsafe/Fallback
instanceKlass org/openqa/selenium/remote/http/RetryRequest$$Lambda$316
instanceKlass dev/failsafe/function/CheckedSupplier
instanceKlass dev/failsafe/Policy
instanceKlass org/openqa/selenium/remote/http/Routable
instanceKlass org/openqa/selenium/remote/http/HttpHandler
instanceKlass org/openqa/selenium/remote/http/RetryRequest
instanceKlass org/openqa/selenium/remote/http/Filter
instanceKlass org/openqa/selenium/remote/http/ClientConfig
instanceKlass java/util/concurrent/ThreadPoolExecutor$AbortPolicy
instanceKlass java/util/concurrent/RejectedExecutionHandler
instanceKlass java/util/concurrent/AbstractExecutorService
instanceKlass java/util/concurrent/ExecutorService
instanceKlass java/util/concurrent/Executors
instanceKlass org/openqa/selenium/remote/service/DriverService$$Lambda$315
instanceKlass java/util/concurrent/ThreadFactory
instanceKlass sun/net/util/IPAddressUtil
instanceKlass java/net/InetAddress$CacheEntry
instanceKlass sun/net/InetAddressCachePolicy$2
instanceKlass sun/net/InetAddressCachePolicy$1
instanceKlass sun/net/InetAddressCachePolicy
instanceKlass java/net/ServerSocket
instanceKlass org/openqa/selenium/net/FixedIANAPortRange
instanceKlass org/openqa/selenium/net/EphemeralPortRangeDetector
instanceKlass org/openqa/selenium/net/PortProber
instanceKlass com/google/common/collect/Hashing
instanceKlass com/google/common/base/Preconditions
instanceKlass com/google/common/collect/ImmutableCollection$Builder
instanceKlass com/google/common/collect/CollectPreconditions
instanceKlass com/google/common/collect/AbstractMapEntry
instanceKlass com/google/common/collect/UnmodifiableIterator
instanceKlass com/google/common/collect/BiMap
instanceKlass com/google/common/collect/ImmutableMap
instanceKlass com/google/common/collect/ImmutableMap$Builder
instanceKlass org/openqa/selenium/remote/service/DriverService$Builder
instanceKlass java/util/concurrent/Executor
instanceKlass org/openqa/selenium/chromium/ChromiumDriver$$Lambda$314
instanceKlass org/openqa/selenium/remote/service/DriverService
instanceKlass org/openqa/selenium/devtools/CdpInfo
instanceKlass org/openqa/selenium/virtualauthenticator/VirtualAuthenticator
instanceKlass org/openqa/selenium/remote/CommandExecutor
instanceKlass org/openqa/selenium/remote/http/HttpClient$Factory
instanceKlass org/openqa/selenium/remote/tracing/Tracer
instanceKlass org/openqa/selenium/WebDriver$TargetLocator
instanceKlass org/openqa/selenium/WebDriver$Options
instanceKlass org/openqa/selenium/WebDriver$Navigation
instanceKlass org/openqa/selenium/logging/Logs
instanceKlass org/openqa/selenium/remote/ExecuteMethod
instanceKlass org/openqa/selenium/remote/FileDetector
instanceKlass org/openqa/selenium/ScriptKey
instanceKlass org/openqa/selenium/remote/RemoteWebDriver
instanceKlass org/openqa/selenium/TakesScreenshot
instanceKlass org/openqa/selenium/PrintsPage
instanceKlass org/openqa/selenium/interactions/Interactive
instanceKlass org/openqa/selenium/virtualauthenticator/HasVirtualAuthenticator
instanceKlass org/openqa/selenium/HasCapabilities
instanceKlass org/openqa/selenium/JavascriptExecutor
instanceKlass org/openqa/selenium/html5/WebStorage
instanceKlass org/openqa/selenium/mobile/NetworkConnection
instanceKlass org/openqa/selenium/html5/LocationContext
instanceKlass org/openqa/selenium/chromium/HasPermissions
instanceKlass org/openqa/selenium/chromium/HasNetworkConditions
instanceKlass org/openqa/selenium/logging/HasLogEvents
instanceKlass org/openqa/selenium/chromium/HasLaunchApp
instanceKlass org/openqa/selenium/devtools/HasDevTools
instanceKlass org/openqa/selenium/chromium/HasCdp
instanceKlass org/openqa/selenium/chromium/HasCasting
instanceKlass org/openqa/selenium/HasAuthentication
instanceKlass org/openqa/selenium/chromium/ChromiumOptions$$Lambda$313
instanceKlass org/openqa/selenium/chromium/ChromiumOptions$$Lambda$312
instanceKlass org/openqa/selenium/SharedCapabilitiesMethods
instanceKlass org/openqa/selenium/internal/Require
instanceKlass org/openqa/selenium/remote/Browser$4
instanceKlass org/openqa/selenium/remote/Browser$3
instanceKlass org/openqa/selenium/remote/Browser$2
instanceKlass org/openqa/selenium/remote/Browser$$Lambda$311
instanceKlass org/openqa/selenium/remote/Browser$$Lambda$310
instanceKlass org/openqa/selenium/remote/Browser$$Lambda$309
instanceKlass org/openqa/selenium/remote/Browser$1
instanceKlass org/openqa/selenium/remote/Browser$$Lambda$308
instanceKlass org/openqa/selenium/remote/Browser
instanceKlass org/openqa/selenium/MutableCapabilities
instanceKlass io/github/bonigarcia/wdm/config/Architecture$$Lambda$307
instanceKlass io/github/bonigarcia/wdm/cache/CacheHandler$$Lambda$306
instanceKlass org/apache/commons/io/FileUtils$$Lambda$305
instanceKlass java/lang/invoke/LambdaForm$MH
instanceKlass org/apache/commons/io/file/PathUtils$$Lambda$304
instanceKlass java/lang/invoke/LambdaForm$DMH
instanceKlass java/nio/file/Files$$Lambda$303
instanceKlass java/nio/file/Files$$Lambda$302
instanceKlass java/util/Spliterators$IteratorSpliterator
instanceKlass java/nio/file/FileTreeIterator
instanceKlass org/apache/commons/io/file/DeleteOption
instanceKlass org/apache/commons/io/file/PathUtils
instanceKlass org/apache/commons/io/filefilter/AbstractFileFilter
instanceKlass org/apache/commons/io/file/PathVisitor
instanceKlass org/apache/commons/io/function/Uncheck
instanceKlass org/apache/commons/io/FileUtils$$Lambda$301
instanceKlass org/apache/commons/io/function/IOSupplier
instanceKlass org/apache/commons/io/filefilter/IOFileFilter
instanceKlass java/nio/file/PathMatcher
instanceKlass java/io/FilenameFilter
instanceKlass java/io/FileFilter
instanceKlass org/apache/commons/io/file/PathFilter
instanceKlass org/apache/commons/io/FileUtils
instanceKlass io/github/bonigarcia/wdm/WebDriverManager$$Lambda$300
instanceKlass io/github/bonigarcia/wdm/config/DriverManagerType$1
instanceKlass sun/util/locale/InternalLocaleBuilder$CaseInsensitiveChar
instanceKlass sun/util/locale/InternalLocaleBuilder
instanceKlass sun/util/locale/StringTokenIterator
instanceKlass sun/util/locale/ParseStatus
instanceKlass sun/util/locale/provider/TimeZoneNameUtility$TimeZoneNameGetter
instanceKlass java/text/DontCareFieldPosition$1
instanceKlass java/text/Format$FieldDelegate
instanceKlass java/util/Collections$UnmodifiableList$1
instanceKlass sun/util/locale/provider/TimeZoneNameUtility
instanceKlass java/text/CalendarBuilder
instanceKlass java/text/ParsePosition
instanceKlass io/github/bonigarcia/wdm/WebDriverManager$$Lambda$299
instanceKlass io/github/bonigarcia/wdm/cache/ResolutionCache
instanceKlass io/github/bonigarcia/wdm/WebDriverManager$$Lambda$298
instanceKlass io/github/bonigarcia/wdm/WebDriverManager$$Lambda$297
instanceKlass io/github/bonigarcia/wdm/online/Downloader
instanceKlass org/apache/hc/client5/http/config/RequestConfig$Builder
instanceKlass org/apache/hc/client5/http/config/RequestConfig
instanceKlass org/apache/hc/client5/http/classic/ExecRuntime
instanceKlass org/apache/hc/client5/http/impl/auth/BasicCredentialsProvider
instanceKlass org/apache/hc/client5/http/impl/auth/SystemDefaultCredentialsProvider
instanceKlass org/apache/hc/client5/http/auth/CredentialsStore
instanceKlass java/util/concurrent/locks/ReentrantReadWriteLock$WriteLock
instanceKlass java/util/concurrent/locks/ReentrantReadWriteLock$ReadLock
instanceKlass java/util/concurrent/locks/ReentrantReadWriteLock
instanceKlass org/apache/hc/client5/http/cookie/CookieIdentityComparator
instanceKlass java/util/concurrent/locks/ReadWriteLock
instanceKlass org/apache/hc/client5/http/cookie/BasicCookieStore
instanceKlass org/apache/hc/client5/http/impl/cookie/IgnoreCookieSpecFactory
instanceKlass org/apache/hc/client5/http/cookie/CookieSpec
instanceKlass org/apache/hc/client5/http/cookie/CommonCookieAttributeHandler
instanceKlass org/apache/hc/client5/http/cookie/CookieAttributeHandler
instanceKlass org/apache/hc/client5/http/impl/cookie/RFC6265CookieSpecFactory
instanceKlass org/apache/hc/client5/http/cookie/CookieSpecFactory
instanceKlass org/apache/hc/client5/http/psl/PublicSuffixMatcher
instanceKlass org/apache/hc/client5/http/psl/PublicSuffixList
instanceKlass org/apache/hc/client5/http/psl/PublicSuffixListParser
instanceKlass org/apache/hc/client5/http/psl/PublicSuffixMatcherLoader
instanceKlass org/apache/hc/client5/http/impl/CookieSpecSupport
instanceKlass org/apache/hc/client5/http/impl/auth/KerberosSchemeFactory
instanceKlass org/apache/hc/client5/http/auth/KerberosConfig$Builder
instanceKlass org/apache/hc/client5/http/auth/KerberosConfig
instanceKlass org/apache/hc/client5/http/impl/auth/SPNegoSchemeFactory
instanceKlass org/apache/hc/client5/http/impl/auth/NTLMSchemeFactory
instanceKlass org/apache/hc/client5/http/impl/auth/DigestSchemeFactory
instanceKlass org/apache/hc/client5/http/auth/AuthScheme
instanceKlass org/apache/hc/client5/http/impl/auth/BasicSchemeFactory
instanceKlass org/apache/hc/client5/http/auth/AuthSchemeFactory
instanceKlass org/apache/hc/client5/http/impl/classic/ExecChainElement
instanceKlass org/apache/hc/client5/http/impl/classic/RedirectExec
instanceKlass org/apache/hc/client5/http/impl/DefaultRedirectStrategy
instanceKlass org/apache/hc/core5/http/message/BufferedHeader
instanceKlass org/apache/hc/core5/http/FormattedHeader
instanceKlass org/apache/hc/core5/util/CharArrayBuffer
instanceKlass org/apache/hc/core5/http/message/MessageSupport
instanceKlass org/apache/hc/core5/http/io/entity/HttpEntityWrapper
instanceKlass org/apache/hc/core5/http/HttpEntity
instanceKlass org/apache/hc/client5/http/impl/classic/ContentCompressionExec
instanceKlass org/apache/hc/client5/http/impl/routing/DefaultRoutePlanner
instanceKlass org/apache/hc/client5/http/impl/classic/HttpRequestRetryExec
instanceKlass org/apache/hc/client5/http/impl/DefaultHttpRequestRetryStrategy
instanceKlass org/apache/hc/client5/http/impl/classic/ProtocolExec
instanceKlass org/apache/hc/client5/http/impl/routing/BasicRouteDirector
instanceKlass org/apache/hc/client5/http/auth/AuthCache
instanceKlass org/apache/hc/client5/http/impl/auth/AuthCacheKeeper
instanceKlass org/apache/hc/client5/http/impl/auth/AuthChallengeParser
instanceKlass org/apache/hc/client5/http/impl/auth/HttpAuthenticator
instanceKlass org/apache/hc/client5/http/routing/HttpRouteDirector
instanceKlass org/apache/hc/client5/http/impl/classic/ConnectExec
instanceKlass org/apache/hc/client5/http/impl/classic/MainClientExec
instanceKlass org/apache/hc/client5/http/classic/ExecChainHandler
instanceKlass org/apache/hc/core5/http/config/NamedElementChain$Node
instanceKlass org/apache/hc/core5/http/config/NamedElementChain
instanceKlass org/apache/hc/core5/http/protocol/DefaultHttpProcessor
instanceKlass org/apache/hc/client5/http/protocol/ResponseProcessCookies
